Component: ARM Compiler 5.06 update 6 (build 750) Tool: armlink [4d35ed]

==============================================================================

Section Cross References

    stm32f10x_gpio.o(i.GPIO_AFIODeInit) refers to stm32f10x_rcc.o(i.RCC_APB2PeriphResetCmd) for RCC_APB2PeriphResetCmd
    stm32f10x_gpio.o(i.GPIO_DeInit) refers to stm32f10x_rcc.o(i.RCC_APB2PeriphResetCmd) for RCC_APB2PeriphResetCmd
    stm32f10x_rcc.o(i.RCC_GetClocksFreq) refers to stm32f10x_rcc.o(.data) for APBAHBPrescTable
    stm32f10x_rcc.o(i.RCC_WaitForHSEStartUp) refers to stm32f10x_rcc.o(i.RCC_GetFlagStatus) for RCC_GetFlagStatus
    startup_stm32f10x_md.o(RESET) refers to startup_stm32f10x_md.o(STACK) for __initial_sp
    startup_stm32f10x_md.o(RESET) refers to startup_stm32f10x_md.o(.text) for Reset_Handler
    startup_stm32f10x_md.o(RESET) refers to stm32f10x_it.o(i.NMI_Handler) for NMI_Handler
    startup_stm32f10x_md.o(RESET) refers to stm32f10x_it.o(i.HardFault_Handler) for HardFault_Handler
    startup_stm32f10x_md.o(RESET) refers to stm32f10x_it.o(i.MemManage_Handler) for MemManage_Handler
    startup_stm32f10x_md.o(RESET) refers to stm32f10x_it.o(i.BusFault_Handler) for BusFault_Handler
    startup_stm32f10x_md.o(RESET) refers to stm32f10x_it.o(i.UsageFault_Handler) for UsageFault_Handler
    startup_stm32f10x_md.o(RESET) refers to stm32f10x_it.o(i.SVC_Handler) for SVC_Handler
    startup_stm32f10x_md.o(RESET) refers to stm32f10x_it.o(i.DebugMon_Handler) for DebugMon_Handler
    startup_stm32f10x_md.o(RESET) refers to stm32f10x_it.o(i.PendSV_Handler) for PendSV_Handler
    startup_stm32f10x_md.o(RESET) refers to stm32f10x_it.o(i.SysTick_Handler) for SysTick_Handler
    startup_stm32f10x_md.o(RESET) refers to main.o(i.EXTI9_5_IRQHandler) for EXTI9_5_IRQHandler
    startup_stm32f10x_md.o(RESET) refers to main.o(i.TIM1_UP_IRQHandler) for TIM1_UP_IRQHandler
    startup_stm32f10x_md.o(RESET) refers to main.o(i.TIM2_IRQHandler) for TIM2_IRQHandler
    startup_stm32f10x_md.o(RESET) refers to main.o(i.USART1_IRQHandler) for USART1_IRQHandler
    startup_stm32f10x_md.o(RESET) refers to main.o(i.USART2_IRQHandler) for USART2_IRQHandler
    startup_stm32f10x_md.o(RESET) refers to stm32f10x_it.o(i.EXTI15_10_IRQHandler) for EXTI15_10_IRQHandler
    startup_stm32f10x_md.o(.text) refers to system_stm32f10x.o(i.SystemInit) for SystemInit
    startup_stm32f10x_md.o(.text) refers to entry.o(.ARM.Collect$$$$00000000) for __main
    stm32f10x_tim.o(i.TIM_DeInit) refers to stm32f10x_rcc.o(i.RCC_APB2PeriphResetCmd) for RCC_APB2PeriphResetCmd
    stm32f10x_tim.o(i.TIM_DeInit) refers to stm32f10x_rcc.o(i.RCC_APB1PeriphResetCmd) for RCC_APB1PeriphResetCmd
    stm32f10x_tim.o(i.TIM_ETRClockMode1Config) refers to stm32f10x_tim.o(i.TIM_ETRConfig) for TIM_ETRConfig
    stm32f10x_tim.o(i.TIM_ETRClockMode2Config) refers to stm32f10x_tim.o(i.TIM_ETRConfig) for TIM_ETRConfig
    stm32f10x_tim.o(i.TIM_ICInit) refers to stm32f10x_tim.o(i.TI1_Config) for TI1_Config
    stm32f10x_tim.o(i.TIM_ICInit) refers to stm32f10x_tim.o(i.TIM_SetIC1Prescaler) for TIM_SetIC1Prescaler
    stm32f10x_tim.o(i.TIM_ICInit) refers to stm32f10x_tim.o(i.TI2_Config) for TI2_Config
    stm32f10x_tim.o(i.TIM_ICInit) refers to stm32f10x_tim.o(i.TIM_SetIC2Prescaler) for TIM_SetIC2Prescaler
    stm32f10x_tim.o(i.TIM_ICInit) refers to stm32f10x_tim.o(i.TI3_Config) for TI3_Config
    stm32f10x_tim.o(i.TIM_ICInit) refers to stm32f10x_tim.o(i.TIM_SetIC3Prescaler) for TIM_SetIC3Prescaler
    stm32f10x_tim.o(i.TIM_ICInit) refers to stm32f10x_tim.o(i.TI4_Config) for TI4_Config
    stm32f10x_tim.o(i.TIM_ICInit) refers to stm32f10x_tim.o(i.TIM_SetIC4Prescaler) for TIM_SetIC4Prescaler
    stm32f10x_tim.o(i.TIM_ITRxExternalClockConfig) refers to stm32f10x_tim.o(i.TIM_SelectInputTrigger) for TIM_SelectInputTrigger
    stm32f10x_tim.o(i.TIM_PWMIConfig) refers to stm32f10x_tim.o(i.TI1_Config) for TI1_Config
    stm32f10x_tim.o(i.TIM_PWMIConfig) refers to stm32f10x_tim.o(i.TIM_SetIC1Prescaler) for TIM_SetIC1Prescaler
    stm32f10x_tim.o(i.TIM_PWMIConfig) refers to stm32f10x_tim.o(i.TI2_Config) for TI2_Config
    stm32f10x_tim.o(i.TIM_PWMIConfig) refers to stm32f10x_tim.o(i.TIM_SetIC2Prescaler) for TIM_SetIC2Prescaler
    stm32f10x_tim.o(i.TIM_TIxExternalClockConfig) refers to stm32f10x_tim.o(i.TI2_Config) for TI2_Config
    stm32f10x_tim.o(i.TIM_TIxExternalClockConfig) refers to stm32f10x_tim.o(i.TI1_Config) for TI1_Config
    stm32f10x_tim.o(i.TIM_TIxExternalClockConfig) refers to stm32f10x_tim.o(i.TIM_SelectInputTrigger) for TIM_SelectInputTrigger
    stm32f10x_usart.o(i.USART_DeInit) refers to stm32f10x_rcc.o(i.RCC_APB2PeriphResetCmd) for RCC_APB2PeriphResetCmd
    stm32f10x_usart.o(i.USART_DeInit) refers to stm32f10x_rcc.o(i.RCC_APB1PeriphResetCmd) for RCC_APB1PeriphResetCmd
    stm32f10x_usart.o(i.USART_Init) refers to stm32f10x_rcc.o(i.RCC_GetClocksFreq) for RCC_GetClocksFreq
[...]
    printfa.o(i._printf_pre_padding) refers (Special) to iusefp.o(.text) for __I$use$fp
    printfa.o(i._snputc) refers (Special) to iusefp.o(.text) for __I$use$fp
    printfa.o(i._sputc) refers (Special) to iusefp.o(.text) for __I$use$fp
    atoi.o(.text) refers to errno.o(i.__aeabi_errno_addr) for __aeabi_errno_addr
    atoi.o(.text) refers to strtol.o(.text) for strtol
    entry2.o(.ARM.Collect$$$$00000001) refers to entry2.o(.ARM.Collect$$$$00002712) for __lit__00000000
    entry2.o(.ARM.Collect$$$$00002712) refers to startup_stm32f10x_md.o(STACK) for __initial_sp
    entry2.o(__vectab_stack_and_reset_area) refers to startup_stm32f10x_md.o(STACK) for __initial_sp
    entry2.o(__vectab_stack_and_reset_area) refers to entry.o(.ARM.Collect$$$$00000000) for __main
    entry5.o(.ARM.Collect$$$$00000004) refers to init.o(.text) for __scatterload
    entry9a.o(.ARM.Collect$$$$0000000B) refers to main.o(i.main) for main
    entry9b.o(.ARM.Collect$$$$0000000C) refers to main.o(i.main) for main
    fputc.o(i.fputc) refers (Special) to iusesemip.o(.text) for __I$use$semihosting$fputc
    fputc.o(i.fputc) refers (Special) to semi.o(.text) for __semihosting_library_function
    errno.o(i.__aeabi_errno_addr) refers to errno.o(.data) for .data
    errno.o(i.__read_errno) refers to errno.o(.data) for .data
    errno.o(i.__set_errno) refers to errno.o(.data) for .data
    strtol.o(.text) refers to ctype_o.o(.text) for __rt_ctype_table
    strtol.o(.text) refers to _strtoul.o(.text) for _strtoul
    strtol.o(.text) refers to errno.o(i.__aeabi_errno_addr) for __aeabi_errno_addr
    dadd.o(.text) refers to llshl.o(.text) for __aeabi_llsl
    dadd.o(.text) refers to llsshr.o(.text) for __aeabi_lasr
    dadd.o(.text) refers to depilogue.o(.text) for _double_epilogue
    dmul.o(.text) refers to depilogue.o(.text) for _double_epilogue
    ddiv.o(.text) refers to depilogue.o(.text) for _double_round
    dfixul.o(.text) refers to llushr.o(.text) for __aeabi_llsr
    dfixul.o(.text) refers to llshl.o(.text) for __aeabi_llsl
    init.o(.text) refers to entry5.o(.ARM.Collect$$$$00000004) for __main_after_scatterload
    ctype_o.o(.text) refers to ctype_o.o(.constdata) for .constdata
    ctype_o.o(.constdata) refers to ctype_o.o(.constdata) for __ctype_table
    isalnum_o.o(.text) refers to ctype_o.o(.text) for __rt_ctype_table
    isalpha_o.o(.text) refers to ctype_o.o(.text) for __rt_ctype_table
    isblank_o.o(.text) refers to ctype_o.o(.constdata) for __ctype_table
    iscntrl_o.o(.text) refers to ctype_o.o(.text) for __rt_ctype_table
    isdigit_o.o(.text) refers to ctype_o.o(.text) for __rt_ctype_table
    isgraph_o.o(.text) refers to ctype_o.o(.text) for __rt_ctype_table
    islower_o.o(.text) refers to ctype_o.o(.text) for __rt_ctype_table
    isprint_o.o(.text) refers to ctype_o.o(.text) for __rt_ctype_table
    ispunct_o.o(.text) refers to ctype_o.o(.text) for __rt_ctype_table
    isspace_o.o(.text) refers to ctype_o.o(.text) for __rt_ctype_table
    isupper_o.o(.text) refers to ctype_o.o(.text) for __rt_ctype_table
    isxdigit_o.o(.text) refers to ctype_o.o(.text) for __rt_ctype_table
    _strtoul.o(.text) refers to _chval.o(.text) for _chval
    _strtoul.o(.text) refers to errno.o(i.__aeabi_errno_addr) for __aeabi_errno_addr
    depilogue.o(.text) refers to llshl.o(.text) for __aeabi_llsl
    depilogue.o(.text) refers to llushr.o(.text) for __aeabi_llsr


==============================================================================

Removing Unused input sections from the image.

    Removing misc.o(i.NVIC_PriorityGroupConfig), (20 bytes).
    Removing misc.o(i.NVIC_SetVectorTable), (20 bytes).
    Removing misc.o(i.NVIC_SystemLPConfig), (32 bytes).
    Removing misc.o(i.SysTick_CLKSourceConfig), (40 bytes).
    Removing stm32f10x_exti.o(i.EXTI_ClearFlag), (12 bytes).
    Removing stm32f10x_exti.o(i.EXTI_DeInit), (36 bytes).
    Removing stm32f10x_exti.o(i.EXTI_GenerateSWInterrupt), (16 bytes).
    Removing stm32f10x_exti.o(i.EXTI_GetFlagStatus), (24 bytes).
    Removing stm32f10x_exti.o(i.EXTI_Init), (148 bytes).
    Removing stm32f10x_exti.o(i.EXTI_StructInit), (16 bytes).
    Removing stm32f10x_gpio.o(i.GPIO_AFIODeInit), (20 bytes).
    Removing stm32f10x_gpio.o(i.GPIO_DeInit), (200 bytes).
    Removing stm32f10x_gpio.o(i.GPIO_ETH_MediaInterfaceConfig), (12 bytes).
    Removing stm32f10x_gpio.o(i.GPIO_EXTILineConfig), (64 bytes).
    Removing stm32f10x_gpio.o(i.GPIO_EventOutputCmd), (12 bytes).
    Removing stm32f10x_gpio.o(i.GPIO_EventOutputConfig), (32 bytes).
    Removing stm32f10x_gpio.o(i.GPIO_PinLockConfig), (18 bytes).
    Removing stm32f10x_gpio.o(i.GPIO_PinRemapConfig), (144 bytes).
    Removing stm32f10x_gpio.o(i.GPIO_ReadInputData), (8 bytes).
    Removing stm32f10x_gpio.o(i.GPIO_ReadInputDataBit), (18 bytes).
    Removing stm32f10x_gpio.o(i.GPIO_ReadOutputData), (8 bytes).
    Removing stm32f10x_gpio.o(i.GPIO_ReadOutputDataBit), (18 bytes).
    Removing stm32f10x_gpio.o(i.GPIO_StructInit), (16 bytes).
    Removing stm32f10x_gpio.o(i.GPIO_Write), (4 bytes).
    Removing stm32f10x_gpio.o(i.GPIO_WriteBit), (10 bytes).
    Removing stm32f10x_rcc.o(i.RCC_ADCCLKConfig), (24 bytes).
    Removing stm32f10x_rcc.o(i.RCC_AHBPeriphClockCmd), (32 bytes).
    Removing stm32f10x_rcc.o(i.RCC_AdjustHSICalibrationValue), (24 bytes).
    Removing stm32f10x_rcc.o(i.RCC_BackupResetCmd), (12 bytes).
    Removing stm32f10x_rcc.o(i.RCC_ClearFlag), (20 bytes).
    Removing stm32f10x_rcc.o(i.RCC_ClearITPendingBit), (12 bytes).
    Removing stm32f10x_rcc.o(i.RCC_ClockSecuritySystemCmd), (12 bytes).
    Removing stm32f10x_rcc.o(i.RCC_GetITStatus), (24 bytes).
    Removing stm32f10x_rcc.o(i.RCC_GetSYSCLKSource), (16 bytes).
    Removing stm32f10x_rcc.o(i.RCC_HSICmd), (12 bytes).
    Removing stm32f10x_rcc.o(i.RCC_ITConfig), (32 bytes).
    Removing stm32f10x_rcc.o(i.RCC_LSEConfig), (52 bytes).
    Removing stm32f10x_rcc.o(i.RCC_LSICmd), (12 bytes).
    Removing stm32f10x_rcc.o(i.RCC_MCOConfig), (12 bytes).
    Removing stm32f10x_rcc.o(i.RCC_RTCCLKCmd), (12 bytes).
    Removing stm32f10x_rcc.o(i.RCC_RTCCLKConfig), (16 bytes).
    Removing stm32f10x_rcc.o(i.RCC_USBCLKConfig), (12 bytes).
    Removing core_cm3.o(.emb_text), (32 bytes).
    Removing startup_stm32f10x_md.o(HEAP), (512 bytes).
    Removing stm32f10x_tim.o(i.TI1_Config), (128 bytes).
    Removing stm32f10x_tim.o(i.TI2_Config), (152 bytes).
    Removing stm32f10x_tim.o(i.TI3_Config), (144 bytes).
    Removing stm32f10x_tim.o(i.TI4_Config), (152 bytes).
    Removing stm32f10x_tim.o(i.TIM_ARRPreloadConfig), (24 bytes).
    Removing stm32f10x_tim.o(i.TIM_BDTRConfig), (32 bytes).
    Removing stm32f10x_tim.o(i.TIM_BDTRStructInit), (18 bytes).
    Removing stm32f10x_tim.o(i.TIM_CCPreloadControl), (24 bytes).
    Removing stm32f10x_tim.o(i.TIM_CCxCmd), (30 bytes).
    Removing stm32f10x_tim.o(i.TIM_CCxNCmd), (30 bytes).
    Removing stm32f10x_tim.o(i.TIM_ClearFlag), (6 bytes).
    Removing stm32f10x_tim.o(i.TIM_ClearOC1Ref), (18 bytes).
    Removing stm32f10x_tim.o(i.TIM_ClearOC2Ref), (24 bytes).
    Removing stm32f10x_tim.o(i.TIM_ClearOC3Ref), (18 bytes).
    Removing stm32f10x_tim.o(i.TIM_ClearOC4Ref), (24 bytes).
    Removing stm32f10x_tim.o(i.TIM_CounterModeConfig), (18 bytes).
    Removing stm32f10x_tim.o(i.TIM_CtrlPWMOutputs), (30 bytes).
    Removing stm32f10x_tim.o(i.TIM_DMACmd), (18 bytes).
    Removing stm32f10x_tim.o(i.TIM_DMAConfig), (10 bytes).
    Removing stm32f10x_tim.o(i.TIM_DeInit), (488 bytes).
    Removing stm32f10x_tim.o(i.TIM_ETRClockMode1Config), (54 bytes).
    Removing stm32f10x_tim.o(i.TIM_ETRClockMode2Config), (32 bytes).
    Removing stm32f10x_tim.o(i.TIM_ETRConfig), (28 bytes).
    Removing stm32f10x_tim.o(i.TIM_EncoderInterfaceConfig), (66 bytes).
    Removing stm32f10x_tim.o(i.TIM_ForcedOC1Config), (18 bytes).
    Removing stm32f10x_tim.o(i.TIM_ForcedOC2Config), (26 bytes).
    Removing stm32f10x_tim.o(i.TIM_ForcedOC3Config), (18 bytes).
    Removing stm32f10x_tim.o(i.TIM_ForcedOC4Config), (26 bytes).
    Removing stm32f10x_tim.o(i.TIM_GenerateEvent), (4 bytes).
    Removing stm32f10x_tim.o(i.TIM_GetCapture1), (6 bytes).
    Removing stm32f10x_tim.o(i.TIM_GetCapture2), (6 bytes).
    Removing stm32f10x_tim.o(i.TIM_GetCapture3), (6 bytes).
    Removing stm32f10x_tim.o(i.TIM_GetCapture4), (8 bytes).
    Removing stm32f10x_tim.o(i.TIM_GetFlagStatus), (18 bytes).
    Removing stm32f10x_tim.o(i.TIM_GetPrescaler), (6 bytes).
    Removing stm32f10x_tim.o(i.TIM_ICInit), (172 bytes).
    Removing stm32f10x_tim.o(i.TIM_ICStructInit), (18 bytes).
    Removing stm32f10x_tim.o(i.TIM_ITRxExternalClockConfig), (24 bytes).
    Removing stm32f10x_tim.o(i.TIM_InternalClockConfig), (12 bytes).
    Removing stm32f10x_tim.o(i.TIM_OC1FastConfig), (18 bytes).
    Removing stm32f10x_tim.o(i.TIM_OC1Init), (152 bytes).
    Removing stm32f10x_tim.o(i.TIM_OC1NPolarityConfig), (18 bytes).
    Removing stm32f10x_tim.o(i.TIM_OC1PolarityConfig), (18 bytes).
    Removing stm32f10x_tim.o(i.TIM_OC1PreloadConfig), (18 bytes).
    Removing stm32f10x_tim.o(i.TIM_OC2FastConfig), (26 bytes).
    Removing stm32f10x_tim.o(i.TIM_OC2Init), (164 bytes).
    Removing stm32f10x_tim.o(i.TIM_OC2NPolarityConfig), (26 bytes).
    Removing stm32f10x_tim.o(i.TIM_OC2PolarityConfig), (26 bytes).
    Removing stm32f10x_tim.o(i.TIM_OC2PreloadConfig), (26 bytes).
    Removing stm32f10x_tim.o(i.TIM_OC3FastConfig), (18 bytes).
    Removing stm32f10x_tim.o(i.TIM_OC3Init), (160 bytes).
    Removing stm32f10x_tim.o(i.TIM_OC3NPolarityConfig), (26 bytes).
    Removing stm32f10x_tim.o(i.TIM_OC3PolarityConfig), (26 bytes).
    Removing stm32f10x_tim.o(i.TIM_OC3PreloadConfig), (18 bytes).
    Removing stm32f10x_tim.o(i.TIM_OC4FastConfig), (26 bytes).
    Removing stm32f10x_tim.o(i.TIM_OC4Init), (124 bytes).
    Removing stm32f10x_tim.o(i.TIM_OC4PolarityConfig), (26 bytes).
    Removing stm32f10x_tim.o(i.TIM_OC4PreloadConfig), (26 bytes).
    Removing stm32f10x_tim.o(i.TIM_OCStructInit), (20 bytes).
    Removing stm32f10x_tim.o(i.TIM_PWMIConfig), (124 bytes).
    Removing stm32f10x_tim.o(i.TIM_PrescalerConfig), (6 bytes).
    Removing stm32f10x_tim.o(i.TIM_SelectCCDMA), (24 bytes).
    Removing stm32f10x_tim.o(i.TIM_SelectCOM), (24 bytes).
    Removing stm32f10x_tim.o(i.TIM_SelectHallSensor), (24 bytes).
    Removing stm32f10x_tim.o(i.TIM_SelectInputTrigger), (18 bytes).
    Removing stm32f10x_tim.o(i.TIM_SelectMasterSlaveMode), (18 bytes).
    Removing stm32f10x_tim.o(i.TIM_SelectOCxM), (82 bytes).
    Removing stm32f10x_tim.o(i.TIM_SelectOnePulseMode), (18 bytes).
    Removing stm32f10x_tim.o(i.TIM_SelectOutputTrigger), (18 bytes).
    Removing stm32f10x_tim.o(i.TIM_SelectSlaveMode), (18 bytes).
    Removing stm32f10x_tim.o(i.TIM_SetAutoreload), (4 bytes).
    Removing stm32f10x_tim.o(i.TIM_SetClockDivision), (18 bytes).
    Removing stm32f10x_tim.o(i.TIM_SetCompare1), (4 bytes).
    Removing stm32f10x_tim.o(i.TIM_SetCompare2), (4 bytes).
    Removing stm32f10x_tim.o(i.TIM_SetCompare3), (4 bytes).
    Removing stm32f10x_tim.o(i.TIM_SetCompare4), (6 bytes).
    Removing stm32f10x_tim.o(i.TIM_SetIC1Prescaler), (18 bytes).
    Removing stm32f10x_tim.o(i.TIM_SetIC2Prescaler), (26 bytes).
    Removing stm32f10x_tim.o(i.TIM_SetIC3Prescaler), (18 bytes).
    Removing stm32f10x_tim.o(i.TIM_SetIC4Prescaler), (26 bytes).
    Removing stm32f10x_tim.o(i.TIM_TIxExternalClockConfig), (62 bytes).
    Removing stm32f10x_tim.o(i.TIM_TimeBaseStructInit), (18 bytes).
    Removing stm32f10x_tim.o(i.TIM_UpdateDisableConfig), (24 bytes).
    Removing stm32f10x_tim.o(i.TIM_UpdateRequestConfig), (24 bytes).
    Removing stm32f10x_usart.o(i.USART_ClockInit), (34 bytes).
    Removing stm32f10x_usart.o(i.USART_ClockStructInit), (12 bytes).
    Removing stm32f10x_usart.o(i.USART_DMACmd), (18 bytes).
    Removing stm32f10x_usart.o(i.USART_HalfDuplexCmd), (24 bytes).
    Removing stm32f10x_usart.o(i.USART_IrDACmd), (24 bytes).
    Removing stm32f10x_usart.o(i.USART_IrDAConfig), (18 bytes).
    Removing stm32f10x_usart.o(i.USART_LINBreakDetectLengthConfig), (18 bytes).
    Removing stm32f10x_usart.o(i.USART_LINCmd), (24 bytes).
    Removing stm32f10x_usart.o(i.USART_OneBitMethodCmd), (24 bytes).
    Removing stm32f10x_usart.o(i.USART_OverSampling8Cmd), (22 bytes).
    Removing stm32f10x_usart.o(i.USART_ReceiverWakeUpCmd), (24 bytes).
    Removing stm32f10x_usart.o(i.USART_SendBreak), (10 bytes).
    Removing stm32f10x_usart.o(i.USART_SetAddress), (18 bytes).
    Removing stm32f10x_usart.o(i.USART_SetGuardTime), (16 bytes).
    Removing stm32f10x_usart.o(i.USART_SetPrescaler), (16 bytes).
    Removing stm32f10x_usart.o(i.USART_SmartCardCmd), (24 bytes).
    Removing stm32f10x_usart.o(i.USART_SmartCardNACKCmd), (24 bytes).
    Removing stm32f10x_usart.o(i.USART_StructInit), (24 bytes).
    Removing stm32f10x_usart.o(i.USART_WakeUpConfig), (18 bytes).
    Removing stm32f10x_dma.o(i.DMA_ClearFlag), (28 bytes).
    Removing stm32f10x_dma.o(i.DMA_ClearITPendingBit), (28 bytes).
    Removing stm32f10x_dma.o(i.DMA_Cmd), (24 bytes).
    Removing stm32f10x_dma.o(i.DMA_DeInit), (332 bytes).
    Removing stm32f10x_dma.o(i.DMA_GetCurrDataCounter), (8 bytes).
    Removing stm32f10x_dma.o(i.DMA_GetFlagStatus), (44 bytes).
    Removing stm32f10x_dma.o(i.DMA_GetITStatus), (44 bytes).
    Removing stm32f10x_dma.o(i.DMA_ITConfig), (18 bytes).
    Removing stm32f10x_dma.o(i.DMA_Init), (60 bytes).
    Removing stm32f10x_dma.o(i.DMA_SetCurrDataCounter), (4 bytes).
    Removing stm32f10x_dma.o(i.DMA_StructInit), (26 bytes).
    Removing stm32f10x_flash.o(i.FLASH_ClearFlag), (12 bytes).
    Removing stm32f10x_flash.o(i.FLASH_EnableWriteProtection), (196 bytes).
    Removing stm32f10x_flash.o(i.FLASH_EraseAllBank1Pages), (72 bytes).
    Removing stm32f10x_flash.o(i.FLASH_EraseAllPages), (72 bytes).
    Removing stm32f10x_flash.o(i.FLASH_EraseOptionBytes), (168 bytes).
    Removing stm32f10x_flash.o(i.FLASH_ErasePage), (76 bytes).
    Removing stm32f10x_flash.o(i.FLASH_GetBank1Status), (52 bytes).
    Removing stm32f10x_flash.o(i.FLASH_GetFlagStatus), (48 bytes).
    Removing stm32f10x_flash.o(i.FLASH_GetPrefetchBufferStatus), (24 bytes).
    Removing stm32f10x_flash.o(i.FLASH_GetReadOutProtectionStatus), (24 bytes).
    Removing stm32f10x_flash.o(i.FLASH_GetStatus), (52 bytes).
    Removing stm32f10x_flash.o(i.FLASH_GetUserOptionByte), (12 bytes).
    Removing stm32f10x_flash.o(i.FLASH_GetWriteProtectionOptionByte), (12 bytes).
    Removing stm32f10x_flash.o(i.FLASH_HalfCycleAccessCmd), (28 bytes).
    Removing stm32f10x_flash.o(i.FLASH_ITConfig), (32 bytes).
    Removing stm32f10x_flash.o(i.FLASH_Lock), (20 bytes).
    Removing stm32f10x_flash.o(i.FLASH_LockBank1), (20 bytes).
    Removing stm32f10x_flash.o(i.FLASH_ProgramHalfWord), (64 bytes).
    Removing stm32f10x_flash.o(i.FLASH_ProgramOptionByteData), (84 bytes).
    Removing stm32f10x_flash.o(i.FLASH_ProgramWord), (108 bytes).
    Removing stm32f10x_flash.o(i.FLASH_ReadOutProtection), (172 bytes).
    Removing stm32f10x_flash.o(i.FLASH_Unlock), (24 bytes).
    Removing stm32f10x_flash.o(i.FLASH_UnlockBank1), (24 bytes).
    Removing stm32f10x_flash.o(i.FLASH_UserOptionByteConfig), (104 bytes).
    Removing stm32f10x_flash.o(i.FLASH_WaitForLastBank1Operation), (38 bytes).
    Removing stm32f10x_flash.o(i.FLASH_WaitForLastOperation), (38 bytes).
    Removing stm32f10x_iwdg.o(i.IWDG_GetFlagStatus), (24 bytes).
    Removing stm32f10x_adc.o(i.ADC_AnalogWatchdogCmd), (20 bytes).
    Removing stm32f10x_adc.o(i.ADC_AnalogWatchdogSingleChannelConfig), (16 bytes).
    Removing stm32f10x_adc.o(i.ADC_AnalogWatchdogThresholdsConfig), (6 bytes).
    Removing stm32f10x_adc.o(i.ADC_AutoInjectedConvCmd), (22 bytes).
    Removing stm32f10x_adc.o(i.ADC_ClearFlag), (6 bytes).
    Removing stm32f10x_adc.o(i.ADC_ClearITPendingBit), (10 bytes).
    Removing stm32f10x_adc.o(i.ADC_Cmd), (22 bytes).
    Removing stm32f10x_adc.o(i.ADC_DMACmd), (22 bytes).
    Removing stm32f10x_adc.o(i.ADC_DeInit), (92 bytes).
    Removing stm32f10x_adc.o(i.ADC_DiscModeChannelCountConfig), (24 bytes).
    Removing stm32f10x_adc.o(i.ADC_DiscModeCmd), (22 bytes).
    Removing stm32f10x_adc.o(i.ADC_ExternalTrigConvCmd), (22 bytes).
    Removing stm32f10x_adc.o(i.ADC_ExternalTrigInjectedConvCmd), (22 bytes).
    Removing stm32f10x_adc.o(i.ADC_ExternalTrigInjectedConvConfig), (16 bytes).
    Removing stm32f10x_adc.o(i.ADC_GetCalibrationStatus), (20 bytes).
    Removing stm32f10x_adc.o(i.ADC_GetConversionValue), (8 bytes).
    Removing stm32f10x_adc.o(i.ADC_GetDualModeConversionValue), (12 bytes).
    Removing stm32f10x_adc.o(i.ADC_GetFlagStatus), (18 bytes).
    Removing stm32f10x_adc.o(i.ADC_GetITStatus), (36 bytes).
    Removing stm32f10x_adc.o(i.ADC_GetInjectedConversionValue), (28 bytes).
    Removing stm32f10x_adc.o(i.ADC_GetResetCalibrationStatus), (20 bytes).
    Removing stm32f10x_adc.o(i.ADC_GetSoftwareStartConvStatus), (20 bytes).
    Removing stm32f10x_adc.o(i.ADC_GetSoftwareStartInjectedConvCmdStatus), (20 bytes).
    Removing stm32f10x_adc.o(i.ADC_ITConfig), (24 bytes).
    Removing stm32f10x_adc.o(i.ADC_Init), (80 bytes).
    Removing stm32f10x_adc.o(i.ADC_InjectedChannelConfig), (130 bytes).
    Removing stm32f10x_adc.o(i.ADC_InjectedDiscModeCmd), (22 bytes).
    Removing stm32f10x_adc.o(i.ADC_InjectedSequencerLengthConfig), (24 bytes).
    Removing stm32f10x_adc.o(i.ADC_RegularChannelConfig), (184 bytes).
    Removing stm32f10x_adc.o(i.ADC_ResetCalibration), (10 bytes).
    Removing stm32f10x_adc.o(i.ADC_SetInjectedOffset), (20 bytes).
    Removing stm32f10x_adc.o(i.ADC_SoftwareStartConvCmd), (22 bytes).
    Removing stm32f10x_adc.o(i.ADC_SoftwareStartInjectedConvCmd), (22 bytes).
    Removing stm32f10x_adc.o(i.ADC_StartCalibration), (10 bytes).
    Removing stm32f10x_adc.o(i.ADC_StructInit), (18 bytes).
    Removing stm32f10x_adc.o(i.ADC_TempSensorVrefintCmd), (36 bytes).
    Removing stm32f10x_spi.o(i.I2S_Cmd), (24 bytes).
    Removing stm32f10x_spi.o(i.I2S_Init), (232 bytes).
    Removing stm32f10x_spi.o(i.I2S_StructInit), (20 bytes).
    Removing stm32f10x_spi.o(i.SPI_BiDirectionalLineConfig), (28 bytes).
    Removing stm32f10x_spi.o(i.SPI_CalculateCRC), (24 bytes).
    Removing stm32f10x_spi.o(i.SPI_DataSizeConfig), (18 bytes).
    Removing stm32f10x_spi.o(i.SPI_GetCRC), (16 bytes).
    Removing stm32f10x_spi.o(i.SPI_GetCRCPolynomial), (6 bytes).
    Removing stm32f10x_spi.o(i.SPI_I2S_ClearFlag), (6 bytes).
    Removing stm32f10x_spi.o(i.SPI_I2S_ClearITPendingBit), (20 bytes).
    Removing stm32f10x_spi.o(i.SPI_I2S_DMACmd), (18 bytes).
    Removing stm32f10x_spi.o(i.SPI_I2S_DeInit), (88 bytes).
    Removing stm32f10x_spi.o(i.SPI_I2S_GetFlagStatus), (18 bytes).
    Removing stm32f10x_spi.o(i.SPI_I2S_GetITStatus), (52 bytes).
    Removing stm32f10x_spi.o(i.SPI_I2S_ITConfig), (32 bytes).
    Removing stm32f10x_spi.o(i.SPI_I2S_ReceiveData), (6 bytes).
    Removing stm32f10x_spi.o(i.SPI_I2S_SendData), (4 bytes).
    Removing stm32f10x_spi.o(i.SPI_NSSInternalSoftwareConfig), (30 bytes).
    Removing stm32f10x_spi.o(i.SPI_SSOutputCmd), (24 bytes).
    Removing stm32f10x_spi.o(i.SPI_StructInit), (24 bytes).
    Removing stm32f10x_spi.o(i.SPI_TransmitCRC), (10 bytes).
    Removing stm32f10x_i2c.o(i.I2C_ARPCmd), (24 bytes).
    Removing stm32f10x_i2c.o(i.I2C_AcknowledgeConfig), (24 bytes).
    Removing stm32f10x_i2c.o(i.I2C_CalculatePEC), (24 bytes).
    Removing stm32f10x_i2c.o(i.I2C_CheckEvent), (42 bytes).
    Removing stm32f10x_i2c.o(i.I2C_ClearFlag), (12 bytes).
    Removing stm32f10x_i2c.o(i.I2C_ClearITPendingBit), (12 bytes).
    Removing stm32f10x_i2c.o(i.I2C_Cmd), (24 bytes).
    Removing stm32f10x_i2c.o(i.I2C_DMACmd), (24 bytes).
    Removing stm32f10x_i2c.o(i.I2C_DMALastTransferCmd), (24 bytes).
    Removing stm32f10x_i2c.o(i.I2C_DeInit), (56 bytes).
    Removing stm32f10x_i2c.o(i.I2C_DualAddressCmd), (24 bytes).
    Removing stm32f10x_i2c.o(i.I2C_FastModeDutyCycleConfig), (28 bytes).
    Removing stm32f10x_i2c.o(i.I2C_GeneralCallCmd), (24 bytes).
    Removing stm32f10x_i2c.o(i.I2C_GenerateSTART), (24 bytes).
    Removing stm32f10x_i2c.o(i.I2C_GenerateSTOP), (24 bytes).
    Removing stm32f10x_i2c.o(i.I2C_GetFlagStatus), (58 bytes).
    Removing stm32f10x_i2c.o(i.I2C_GetITStatus), (38 bytes).
    Removing stm32f10x_i2c.o(i.I2C_GetLastEvent), (26 bytes).
    Removing stm32f10x_i2c.o(i.I2C_GetPEC), (8 bytes).
    Removing stm32f10x_i2c.o(i.I2C_ITConfig), (18 bytes).
    Removing stm32f10x_i2c.o(i.I2C_Init), (236 bytes).
    Removing stm32f10x_i2c.o(i.I2C_NACKPositionConfig), (28 bytes).
    Removing stm32f10x_i2c.o(i.I2C_OwnAddress2Config), (22 bytes).
    Removing stm32f10x_i2c.o(i.I2C_PECPositionConfig), (28 bytes).
    Removing stm32f10x_i2c.o(i.I2C_ReadRegister), (22 bytes).
    Removing stm32f10x_i2c.o(i.I2C_ReceiveData), (8 bytes).
    Removing stm32f10x_i2c.o(i.I2C_SMBusAlertConfig), (28 bytes).
    Removing stm32f10x_i2c.o(i.I2C_Send7bitAddress), (18 bytes).
    Removing stm32f10x_i2c.o(i.I2C_SendData), (4 bytes).
    Removing stm32f10x_i2c.o(i.I2C_SoftwareResetCmd), (22 bytes).
    Removing stm32f10x_i2c.o(i.I2C_StretchClockCmd), (24 bytes).
    Removing stm32f10x_i2c.o(i.I2C_StructInit), (30 bytes).
    Removing stm32f10x_i2c.o(i.I2C_TransmitPEC), (24 bytes).
    Removing main.o(i.Check_Flash), (172 bytes).
    Removing system_stm32f10x.o(i.SystemCoreClockUpdate), (164 bytes).
    Removing system_stm32f10x.o(.data), (20 bytes).
    Removing hc595.o(i.ScanLed), (120 bytes).
    Removing hc595.o(i.ShiftByte), (316 bytes).
    Removing hc595.o(.data), (10 bytes).
    Removing systemtick.o(i.Delay_1ms), (40 bytes).
    Removing systemtick.o(i.Delay_1us), (34 bytes).
    Removing systemtick.o(i.Delay_ms), (20 bytes).
    Removing systemtick.o(i.Delay_us), (20 bytes).
    Removing usart.o(i.Config_USART1), (188 bytes).
    Removing usart.o(i.Config_USART1_IT), (208 bytes).
    Removing usart.o(i.Config_USART1_Std), (132 bytes).
    Removing usart.o(i.Config_USART2_Std), (140 bytes).
    Removing usart.o(i.Config_USART3_Std), (148 bytes).
    Removing usart.o(i.USART1_Get_data), (28 bytes).
    Removing usart.o(i.USART1_Send_data), (44 bytes).
    Removing usart.o(i.USART2_Send_data), (44 bytes).
    Removing usart.o(i.USART2_Send_data_Std), (44 bytes).
    Removing timer.o(i.Config_Timer1), (80 bytes).
    Removing timer.o(i.Config_Timer1_Std), (64 bytes).
    Removing timer.o(i.Config_Timer2), (60 bytes).
    Removing timer.o(i.Config_Timer2_IT_Std), (102 bytes).
    Removing timer.o(i.Delay_Timer1_Ms), (24 bytes).
    Removing timer.o(i.Delay_Timer1_Ms_Std), (40 bytes).
    Removing timer.o(i.Delay_Timer1_us), (24 bytes).
    Removing timer.o(i.Delay_Timer2_Ms), (24 bytes).
    Removing timer.o(i.Delay_Timer2_us), (22 bytes).
    Removing exti.o(i.Config_EXTI), (36 bytes).
    Removing exti.o(i.Config_EXTI_Std), (120 bytes).
    Removing gpio.o(i.Config_GPIO_ADC_PortA), (44 bytes).
    Removing gpio.o(i.Config_GPIO_INPUT_PortB), (44 bytes).
    Removing gpio.o(i.GPIO_HIGH), (20 bytes).
    Removing gpio.o(i.GPIO_H_LED), (20 bytes).
    Removing gpio.o(i.GPIO_INPUT), (44 bytes).
    Removing gpio.o(i.GPIO_LOW), (20 bytes).
    Removing gpio.o(i.GPIO_L_LED), (20 bytes).
    Removing gpio.o(i.GPIO_OUTPUT), (28 bytes).
    Removing gpio.o(i.GPIO_OUTPUT_Std), (48 bytes).
    Removing gpio.o(i.GPIO_READ), (12 bytes).
    Removing gpio.o(i.GPIO_TOGGLE), (20 bytes).
    Removing gpio.o(i.GPIO_TOGGLE_LED), (36 bytes).
    Removing gpio.o(i.GPIO_init), (20 bytes).
    Removing clock.o(i.Config_CLOCK_HSE), (200 bytes).
    Removing clock.o(i.Config_CLOCK_HSI), (184 bytes).
    Removing flash.o(i.Earse_FLASH_Std), (96 bytes).
    Removing flash.o(i.Write1byte_FLASH_Buff_Std), (38 bytes).
    Removing flash.o(i.Write1byte_FLASH_Std), (76 bytes).
    Removing ring_buffer_1.o(i.checkRxBuffer), (220 bytes).
    Removing ring_buffer_1.o(i.workCmdBuffer), (208 bytes).
    Removing adc.o(i.Init_ADC), (132 bytes).
    Removing spi.o(i.CS2_Disable), (20 bytes).
    Removing spi.o(i.CS2_Enable), (20 bytes).
    Removing spi.o(i.SPI1_Disable), (20 bytes).
    Removing spi.o(i.SPI1_Exchange), (40 bytes).
    Removing spi.o(i.SPI1_Master_Config_Res), (212 bytes).
    Removing spi.o(i.SPI1_Receive), (56 bytes).
    Removing spi.o(i.SPI1_Slave_Config_Res), (260 bytes).
    Removing spi.o(i.SPI1_Transmit), (80 bytes).
    Removing spi.o(i.SPI2_Disable), (20 bytes).
    Removing spi.o(i.SPI2_Master_Config), (168 bytes).
    Removing spi.o(i.SPI2_Master_Config_Res), (252 bytes).
    Removing spi.o(i.SPI2_Read), (44 bytes).
    Removing spi.o(i.SPI2_Receive), (60 bytes).
    Removing spi.o(i.SPI2_Send), (44 bytes).
    Removing spi.o(i.SPI2_Slave_Config_Res), (252 bytes).
    Removing spi.o(i.SPI2_Transmit), (84 bytes).
    Removing sx1278.o(i.SX1278_BurstRead), (58 bytes).
    Removing sx1278.o(i.SX1278_BurstWrite), (58 bytes).
    Removing sx1278.o(i.SX1278_Get_RSSI), (12 bytes).
    Removing sx1278.o(i.SX1278_Receive), (92 bytes).
    Removing sx1278.o(i.SX1278_Reset), (40 bytes).
    Removing sx1278.o(i.SX1278_Transmission), (100 bytes).
    Removing sx1278.o(.bss), (256 bytes).
    Removing dadd.o(.text), (334 bytes).
    Removing dmul.o(.text), (228 bytes).
    Removing ddiv.o(.text), (222 bytes).
    Removing dfixul.o(.text), (48 bytes).
    Removing cdrcmple.o(.text), (48 bytes).
    Removing depilogue.o(.text), (186 bytes).

355 unused section(s) (total 18134 bytes) removed from the image.

==============================================================================

Image Symbol Table

    Local Symbols

    Symbol Name                              Value     Ov Type        Size  Object(Section)

    ../clib/microlib/ctype/ctype.c           0x00000000   Number         0  isgraph_o.o ABSOLUTE
    ../clib/microlib/ctype/ctype.c           0x00000000   Number         0  isalnum_o.o ABSOLUTE
    ../clib/microlib/ctype/ctype.c           0x00000000   Number         0  iscntrl_o.o ABSOLUTE
    ../clib/microlib/ctype/ctype.c           0x00000000   Number         0  isxdigit_o.o ABSOLUTE
    ../clib/microlib/ctype/ctype.c           0x00000000   Number         0  isupper_o.o ABSOLUTE
    ../clib/microlib/ctype/ctype.c           0x00000000   Number         0  isspace_o.o ABSOLUTE
    ../clib/microlib/ctype/ctype.c           0x00000000   Number         0  isalpha_o.o ABSOLUTE
    ../clib/microlib/ctype/ctype.c           0x00000000   Number         0  ispunct_o.o ABSOLUTE
    ../clib/microlib/ctype/ctype.c           0x00000000   Number         0  isprint_o.o ABSOLUTE
    ../clib/microlib/ctype/ctype.c           0x00000000   Number         0  islower_o.o ABSOLUTE
    ../clib/microlib/ctype/ctype.c           0x00000000   Number         0  isdigit_o.o ABSOLUTE
    ../clib/microlib/ctype/ctype.c           0x00000000   Number         0  isblank_o.o ABSOLUTE
    ../clib/microlib/ctype/ctype.c           0x00000000   Number         0  ctype_o.o ABSOLUTE
    ../clib/microlib/division.c              0x00000000   Number         0  uldiv.o ABSOLUTE
    ../clib/microlib/division.c              0x00000000   Number         0  uidiv.o ABSOLUTE
    ../clib/microlib/errno.c                 0x00000000   Number         0  errno.o ABSOLUTE
    ../clib/microlib/init/entry.s            0x00000000   Number         0  entry9b.o ABSOLUTE
    ../clib/microlib/init/entry.s            0x00000000   Number         0  entry5.o ABSOLUTE
    ../clib/microlib/init/entry.s            0x00000000   Number         0  entry2.o ABSOLUTE
    ../clib/microlib/init/entry.s            0x00000000   Number         0  entry11b.o ABSOLUTE
    ../clib/microlib/init/entry.s            0x00000000   Number         0  entry10a.o ABSOLUTE
    ../clib/microlib/init/entry.s            0x00000000   Number         0  entry.o ABSOLUTE
    ../clib/microlib/init/entry.s            0x00000000   Number         0  entry10b.o ABSOLUTE
    ../clib/microlib/init/entry.s            0x00000000   Number         0  entry7a.o ABSOLUTE
    ../clib/microlib/init/entry.s            0x00000000   Number         0  entry7b.o ABSOLUTE
    ../clib/microlib/init/entry.s            0x00000000   Number         0  entry8a.o ABSOLUTE
    ../clib/microlib/init/entry.s            0x00000000   Number         0  entry8b.o ABSOLUTE
    ../clib/microlib/init/entry.s            0x00000000   Number         0  entry11a.o ABSOLUTE
    ../clib/microlib/init/entry.s            0x00000000   Number         0  entry9a.o ABSOLUTE
    ../clib/microlib/longlong.c              0x00000000   Number         0  llushr.o ABSOLUTE
    ../clib/microlib/longlong.c              0x00000000   Number         0  llshl.o ABSOLUTE
    ../clib/microlib/longlong.c              0x00000000   Number         0  llsshr.o ABSOLUTE
    ../clib/microlib/printf/printf.c         0x00000000   Number         0  printf1.o ABSOLUTE
    ../clib/microlib/printf/printf.c         0x00000000   Number         0  printf2.o ABSOLUTE
    ../clib/microlib/printf/printf.c         0x00000000   Number         0  printf3.o ABSOLUTE
    ../clib/microlib/printf/printf.c         0x00000000   Number         0  printf4.o ABSOLUTE
    ../clib/microlib/printf/printf.c         0x00000000   Number         0  printf5.o ABSOLUTE
    ../clib/microlib/printf/printf.c         0x00000000   Number         0  printf6.o ABSOLUTE
    ../clib/microlib/printf/printf.c         0x00000000   Number         0  printf7.o ABSOLUTE
    ../clib/microlib/printf/printf.c         0x00000000   Number         0  printf8.o ABSOLUTE
    ../clib/microlib/printf/printf.c         0x00000000   Number         0  printfa.o ABSOLUTE
    ../clib/microlib/printf/printf.c         0x00000000   Number         0  printf0.o ABSOLUTE
    ../clib/microlib/printf/printf.c         0x00000000   Number         0  printfb.o ABSOLUTE
    ../clib/microlib/printf/stubs.s          0x00000000   Number         0  stubs.o ABSOLUTE
    ../clib/microlib/stdio/fputc.c           0x00000000   Number         0  fputc.o ABSOLUTE
    ../clib/microlib/stdio/semi.s            0x00000000   Number         0  semi.o ABSOLUTE
    ../clib/microlib/stdio/streams.c         0x00000000   Number         0  stdout.o ABSOLUTE
    ../clib/microlib/string/strlen.c         0x00000000   Number         0  strlen.o ABSOLUTE
    ../clib/microlib/string/strncmp.c        0x00000000   Number         0  strncmp.o ABSOLUTE
    ../clib/microlib/string/strtok.c         0x00000000   Number         0  strtok_r.o ABSOLUTE
    ../clib/microlib/string/strtok.c         0x00000000   Number         0  strtok.o ABSOLUTE
    ../clib/microlib/stubs.s                 0x00000000   Number         0  iusesemip.o ABSOLUTE
    ../clib/microlib/stubs.s                 0x00000000   Number         0  iusefp.o ABSOLUTE
    ../clib/scanf.c                          0x00000000   Number         0  atoi.o ABSOLUTE
    ../clib/scanf.c                          0x00000000   Number         0  _strtoul.o ABSOLUTE
    ../clib/scanf.c                          0x00000000   Number         0  _chval.o ABSOLUTE
    ../clib/scanf.c                          0x00000000   Number         0  strtol.o ABSOLUTE
    ../fplib/microlib/fpadd.c                0x00000000   Number         0  dadd.o ABSOLUTE
    ../fplib/microlib/fpdiv.c                0x00000000   Number         0  ddiv.o ABSOLUTE
    ../fplib/microlib/fpepilogue.c           0x00000000   Number         0  depilogue.o ABSOLUTE
    ../fplib/microlib/fpfix.c                0x00000000   Number         0  dfixul.o ABSOLUTE
    ../fplib/microlib/fpmul.c                0x00000000   Number         0  dmul.o ABSOLUTE
    ..\..\lib\CMSIS\CM3\CoreSupport\core_cm3.c 0x00000000   Number         0  core_cm3.o ABSOLUTE
    ..\..\lib\CMSIS\CM3\DeviceSupport\ST\STM32F10x\startup\arm\startup_stm32f10x_md.s 0x00000000   Number         0  startup_stm32f10x_md.o ABSOLUTE
    ..\..\lib\STM32F10x_StdPeriph_Driver\src\misc.c 0x00000000   Number         0  misc.o ABSOLUTE
    ..\..\lib\STM32F10x_StdPeriph_Driver\src\stm32f10x_adc.c 0x00000000   Number         0  stm32f10x_adc.o ABSOLUTE
    ..\..\lib\STM32F10x_StdPeriph_Driver\src\stm32f10x_dma.c 0x00000000   Number         0  stm32f10x_dma.o ABSOLUTE
    ..\..\lib\STM32F10x_StdPeriph_Driver\src\stm32f10x_exti.c 0x00000000   Number         0  stm32f10x_exti.o ABSOLUTE
    ..\..\lib\STM32F10x_StdPeriph_Driver\src\stm32f10x_flash.c 0x00000000   Number         0  stm32f10x_flash.o ABSOLUTE
    ..\..\lib\STM32F10x_StdPeriph_Driver\src\stm32f10x_gpio.c 0x00000000   Number         0  stm32f10x_gpio.o ABSOLUTE
    ..\..\lib\STM32F10x_StdPeriph_Driver\src\stm32f10x_i2c.c 0x00000000   Number         0  stm32f10x_i2c.o ABSOLUTE
    ..\..\lib\STM32F10x_StdPeriph_Driver\src\stm32f10x_iwdg.c 0x00000000   Number         0  stm32f10x_iwdg.o ABSOLUTE
    ..\..\lib\STM32F10x_StdPeriph_Driver\src\stm32f10x_rcc.c 0x00000000   Number         0  stm32f10x_rcc.o ABSOLUTE
    ..\..\lib\STM32F10x_StdPeriph_Driver\src\stm32f10x_spi.c 0x00000000   Number         0  stm32f10x_spi.o ABSOLUTE
    ..\..\lib\STM32F10x_StdPeriph_Driver\src\stm32f10x_tim.c 0x00000000   Number         0  stm32f10x_tim.o ABSOLUTE
    ..\..\lib\STM32F10x_StdPeriph_Driver\src\stm32f10x_usart.c 0x00000000   Number         0  stm32f10x_usart.o ABSOLUTE
    ..\ADC\ADC.c                             0x00000000   Number         0  adc.o ABSOLUTE
    ..\CLOCK\CLOCK.c                         0x00000000   Number         0  clock.o ABSOLUTE
    ..\DS1307\DS1307.c                       0x00000000   Number         0  ds1307.o ABSOLUTE
    ..\EXTI\EXTI.c                           0x00000000   Number         0  exti.o ABSOLUTE
    ..\FLASH\FLASH.c                         0x00000000   Number         0  flash.o ABSOLUTE
    ..\GPIO\GPIO.c                           0x00000000   Number         0  gpio.o ABSOLUTE
    ..\HC595\HC595.c                         0x00000000   Number         0  hc595.o ABSOLUTE
    ..\RING_BUFFER\RING_BUFFER.c             0x00000000   Number         0  ring_buffer_1.o ABSOLUTE
    ..\SPI\SPI.c                             0x00000000   Number         0  spi.o ABSOLUTE
    ..\SX1278\sx1278.c                       0x00000000   Number         0  sx1278.o ABSOLUTE
    ..\SystemTick\SystemTick.c               0x00000000   Number         0  systemtick.o ABSOLUTE
    ..\TIMER\TIMER.c                         0x00000000   Number         0  timer.o ABSOLUTE
    ..\USART\USART.c                         0x00000000   Number         0  usart.o ABSOLUTE
    ..\WATCH_DOG\WATCH_DOG.c                 0x00000000   Number         0  watch_dog.o ABSOLUTE
    ..\\..\\lib\\CMSIS\\CM3\\CoreSupport\\core_cm3.c 0x00000000   Number         0  core_cm3.o ABSOLUTE
    ..\main.c                                0x00000000   Number         0  main.o ABSOLUTE
    ..\stm32f10x_it.c                        0x00000000   Number         0  stm32f10x_it.o ABSOLUTE
    ..\system_stm32f10x.c                    0x00000000   Number         0  system_stm32f10x.o ABSOLUTE
    cdrcmple.s                               0x00000000   Number         0  cdrcmple.o ABSOLUTE
    dc.s                                     0x00000000   Number         0  dc.o ABSOLUTE
    handlers.s                               0x00000000   Number         0  handlers.o ABSOLUTE
    init.s                                   0x00000000   Number         0  init.o ABSOLUTE
    RESET                                    0x08000000   Section      236  startup_stm32f10x_md.o(RESET)
    .ARM.Collect$$$$00000000                 0x080000ec   Section        0  entry.o(.ARM.Collect$$$$00000000)
    .ARM.Collect$$$$00000001                 0x080000ec   Section        4  entry2.o(.ARM.Collect$$$$00000001)
    .ARM.Collect$$$$00000004                 0x080000f0   Section        4  entry5.o(.ARM.Collect$$$$00000004)
    .ARM.Collect$$$$00000008                 0x080000f4   Section        0  entry7b.o(.ARM.Collect$$$$00000008)
    .ARM.Collect$$$$0000000A                 0x080000f4   Section        0  entry8b.o(.ARM.Collect$$$$0000000A)
    .ARM.Collect$$$$0000000B                 0x080000f4   Section        8  entry9a.o(.ARM.Collect$$$$0000000B)
    .ARM.Collect$$$$0000000D                 0x080000fc   Section        0  entry10a.o(.ARM.Collect$$$$0000000D)
    .ARM.Collect$$$$0000000F                 0x080000fc   Section        0  entry11a.o(.ARM.Collect$$$$0000000F)
    .ARM.Collect$$$$00002712                 0x080000fc   Section        4  entry2.o(.ARM.Collect$$$$00002712)
    __lit__00000000                          0x080000fc   Data           4  entry2.o(.ARM.Collect$$$$00002712)
    .text                                    0x08000100   Section       36  startup_stm32f10x_md.o(.text)
    .text                                    0x08000124   Section        0  uldiv.o(.text)
    .text                                    0x08000186   Section        0  uidiv.o(.text)
    .text                                    0x080001b2   Section        0  llshl.o(.text)
    .text                                    0x080001d0   Section        0  llushr.o(.text)
    .text                                    0x080001f0   Section       36  init.o(.text)
    i.BusFault_Handler                       0x08000214   Section        0  stm32f10x_it.o(i.BusFault_Handler)
    i.CS1_Disable                            0x08000218   Section        0  spi.o(i.CS1_Disable)
    i.CS1_Enable                             0x08000228   Section        0  spi.o(i.CS1_Enable)
    i.Config_CLOCK_HSE_Std                   0x08000238   Section        0  clock.o(i.Config_CLOCK_HSE_Std)
    i.Config_GPIO_OUTPUT_PortA               0x0800029c   Section        0  gpio.o(i.Config_GPIO_OUTPUT_PortA)
    i.Config_GPIO_OUTPUT_PortB               0x080002d0   Section        0  gpio.o(i.Config_GPIO_OUTPUT_PortB)
    i.Config_GPIO_OUTPUT_PortC               0x08000310   Section        0  gpio.o(i.Config_GPIO_OUTPUT_PortC)
    i.Config_IWDG                            0x08000350   Section        0  watch_dog.o(i.Config_IWDG)
    i.Config_Timer1_IT_Std                   0x08000370   Section        0  timer.o(i.Config_Timer1_IT_Std)
    i.Config_Timer2_Std                      0x080003d8   Section        0  timer.o(i.Config_Timer2_Std)
    i.Config_USART1_IT_Std                   0x08000414   Section        0  usart.o(i.Config_USART1_IT_Std)
    i.Config_USART2_IT_Std                   0x080004b8   Section        0  usart.o(i.Config_USART2_IT_Std)
    i.DebugMon_Handler                       0x08000560   Section        0  stm32f10x_it.o(i.DebugMon_Handler)
    i.Delay_Timer2_Ms_Std                    0x08000562   Section        0  timer.o(i.Delay_Timer2_Ms_Std)
    i.Display7SEG                            0x0800058c   Section        0  main.o(i.Display7SEG)
    i.EXTI15_10_IRQHandler                   0x080005cc   Section        0  stm32f10x_it.o(i.EXTI15_10_IRQHandler)
    i.EXTI9_5_IRQHandler                     0x080005d0   Section        0  main.o(i.EXTI9_5_IRQHandler)
    i.EXTI_ClearITPendingBit                 0x08000600   Section        0  stm32f10x_exti.o(i.EXTI_ClearITPendingBit)
    i.EXTI_GetITStatus                       0x0800060c   Section        0  stm32f10x_exti.o(i.EXTI_GetITStatus)
    i.FLASH_PrefetchBufferCmd                0x08000634   Section        0  stm32f10x_flash.o(i.FLASH_PrefetchBufferCmd)
    i.FLASH_SetLatency                       0x08000650   Section        0  stm32f10x_flash.o(i.FLASH_SetLatency)
    i.GPIO_Init                              0x08000668   Section        0  stm32f10x_gpio.o(i.GPIO_Init)
    i.GPIO_ResetBits                         0x0800077e   Section        0  stm32f10x_gpio.o(i.GPIO_ResetBits)
    i.GPIO_SetBits                           0x08000782   Section        0  stm32f10x_gpio.o(i.GPIO_SetBits)
    i.HardFault_Handler                      0x08000786   Section        0  stm32f10x_it.o(i.HardFault_Handler)
    i.IWDG_Enable                            0x0800078c   Section        0  stm32f10x_iwdg.o(i.IWDG_Enable)
    i.IWDG_ReloadCounter                     0x0800079c   Section        0  stm32f10x_iwdg.o(i.IWDG_ReloadCounter)
    i.IWDG_SetPrescaler                      0x080007ac   Section        0  stm32f10x_iwdg.o(i.IWDG_SetPrescaler)
    i.IWDG_SetReload                         0x080007b8   Section        0  stm32f10x_iwdg.o(i.IWDG_SetReload)
    i.IWDG_WriteAccessCmd                    0x080007c4   Section        0  stm32f10x_iwdg.o(i.IWDG_WriteAccessCmd)
    i.MemManage_Handler                      0x080007d0   Section        0  stm32f10x_it.o(i.MemManage_Handler)
    i.NMI_Handler                            0x080007d4   Section        0  stm32f10x_it.o(i.NMI_Handler)
    i.NVIC_EnableIRQ                         0x080007d6   Section        0  usart.o(i.NVIC_EnableIRQ)
    NVIC_EnableIRQ                           0x080007d7   Thumb Code    22  usart.o(i.NVIC_EnableIRQ)
    i.NVIC_Init                              0x080007ec   Section        0  misc.o(i.NVIC_Init)
    i.PendSV_Handler                         0x0800085c   Section        0  stm32f10x_it.o(i.PendSV_Handler)
    i.RCC_APB1PeriphClockCmd                 0x08000860   Section        0  stm32f10x_rcc.o(i.RCC_APB1PeriphClockCmd)
    i.RCC_APB1PeriphResetCmd                 0x08000880   Section        0  stm32f10x_rcc.o(i.RCC_APB1PeriphResetCmd)
    i.RCC_APB2PeriphClockCmd                 0x080008a0   Section        0  stm32f10x_rcc.o(i.RCC_APB2PeriphClockCmd)
    i.RCC_APB2PeriphResetCmd                 0x080008c0   Section        0  stm32f10x_rcc.o(i.RCC_APB2PeriphResetCmd)
    i.RCC_DeInit                             0x080008e0   Section        0  stm32f10x_rcc.o(i.RCC_DeInit)
    i.RCC_GetClocksFreq                      0x0800092c   Section        0  stm32f10x_rcc.o(i.RCC_GetClocksFreq)
    i.RCC_GetFlagStatus                      0x08000a00   Section        0  stm32f10x_rcc.o(i.RCC_GetFlagStatus)
    i.RCC_HCLKConfig                         0x08000a3c   Section        0  stm32f10x_rcc.o(i.RCC_HCLKConfig)
    i.RCC_HSEConfig                          0x08000a54   Section        0  stm32f10x_rcc.o(i.RCC_HSEConfig)
    i.RCC_PCLK1Config                        0x08000aa0   Section        0  stm32f10x_rcc.o(i.RCC_PCLK1Config)
    i.RCC_PCLK2Config                        0x08000ab8   Section        0  stm32f10x_rcc.o(i.RCC_PCLK2Config)
    i.RCC_PLLCmd                             0x08000ad0   Section        0  stm32f10x_rcc.o(i.RCC_PLLCmd)
    i.RCC_PLLConfig                          0x08000adc   Section        0  stm32f10x_rcc.o(i.RCC_PLLConfig)
    i.RCC_SYSCLKConfig                       0x08000af8   Section        0  stm32f10x_rcc.o(i.RCC_SYSCLKConfig)
    i.RCC_WaitForHSEStartUp                  0x08000b10   Section        0  stm32f10x_rcc.o(i.RCC_WaitForHSEStartUp)
    i.Read_FLASH_Buff_Std                    0x08000b48   Section        0  flash.o(i.Read_FLASH_Buff_Std)
    i.SPI1_Enable                            0x08000b68   Section        0  spi.o(i.SPI1_Enable)
    i.SPI1_Master_Config                     0x08000b7c   Section        0  spi.o(i.SPI1_Master_Config)
    i.SPI1_Read                              0x08000c40   Section        0  spi.o(i.SPI1_Read)
    i.SPI1_Send                              0x08000c68   Section        0  spi.o(i.SPI1_Send)
    i.SPI2_Enable                            0x08000c90   Section        0  spi.o(i.SPI2_Enable)
    i.SPI2_Slave_Config                      0x08000ca4   Section        0  spi.o(i.SPI2_Slave_Config)
    i.SPI_Cmd                                0x08000d48   Section        0  stm32f10x_spi.o(i.SPI_Cmd)
    i.SPI_Init                               0x08000d60   Section        0  stm32f10x_spi.o(i.SPI_Init)
    i.SVC_Handler                            0x08000d9c   Section        0  stm32f10x_it.o(i.SVC_Handler)
    i.SX1278_Explicit_Header                 0x08000d9e   Section        0  sx1278.o(i.SX1278_Explicit_Header)
    i.SX1278_Init                            0x08000db4   Section        0  sx1278.o(i.SX1278_Init)
    i.SX1278_RX_Continuous                   0x08000e38   Section        0  sx1278.o(i.SX1278_RX_Continuous)
    i.SX1278_Read_Register                   0x08000e44   Section        0  sx1278.o(i.SX1278_Read_Register)
    i.SX1278_Set_Bandwidth                   0x08000e62   Section        0  sx1278.o(i.SX1278_Set_Bandwidth)
    i.SX1278_Set_CodingRate                  0x08000e7c   Section        0  sx1278.o(i.SX1278_Set_CodingRate)
    i.SX1278_Set_Freq                        0x08000e9c   Section        0  sx1278.o(i.SX1278_Set_Freq)
    i.SX1278_Set_LnAGain                     0x08000ee8   Section        0  sx1278.o(i.SX1278_Set_LnAGain)
    i.SX1278_Set_Ocp                         0x08000ef4   Section        0  sx1278.o(i.SX1278_Set_Ocp)
    i.SX1278_Set_Power                       0x08000f34   Section        0  sx1278.o(i.SX1278_Set_Power)
    i.SX1278_Set_SpreadingFactor             0x08000f7e   Section        0  sx1278.o(i.SX1278_Set_SpreadingFactor)
    i.SX1278_Sleep                           0x08000f98   Section        0  sx1278.o(i.SX1278_Sleep)
    i.SX1278_Standby                         0x08000fa4   Section        0  sx1278.o(i.SX1278_Standby)
    i.SX1278_Write_Register                  0x08000fb0   Section        0  sx1278.o(i.SX1278_Write_Register)
    i.Send_RS485                             0x08000fd0   Section        0  usart.o(i.Send_RS485)
    i.SetSysClock                            0x08001024   Section        0  system_stm32f10x.o(i.SetSysClock)
    SetSysClock                              0x08001025   Thumb Code     8  system_stm32f10x.o(i.SetSysClock)
    i.SetSysClockTo72                        0x0800102c   Section        0  system_stm32f10x.o(i.SetSysClockTo72)
    SetSysClockTo72                          0x0800102d   Thumb Code   214  system_stm32f10x.o(i.SetSysClockTo72)
    i.SysTick_Handler                        0x0800110c   Section        0  stm32f10x_it.o(i.SysTick_Handler)
    i.SystemInit                             0x08001110   Section        0  system_stm32f10x.o(i.SystemInit)
    i.TIM1_UP_IRQHandler                     0x08001170   Section        0  main.o(i.TIM1_UP_IRQHandler)
    i.TIM2_IRQHandler                        0x08001198   Section        0  main.o(i.TIM2_IRQHandler)
    i.TIM_ClearITPendingBit                  0x080011ae   Section        0  stm32f10x_tim.o(i.TIM_ClearITPendingBit)
    i.TIM_Cmd                                0x080011b4   Section        0  stm32f10x_tim.o(i.TIM_Cmd)
    i.TIM_GetCounter                         0x080011cc   Section        0  stm32f10x_tim.o(i.TIM_GetCounter)
    i.TIM_GetITStatus                        0x080011d2   Section        0  stm32f10x_tim.o(i.TIM_GetITStatus)
    i.TIM_ITConfig                           0x080011f4   Section        0  stm32f10x_tim.o(i.TIM_ITConfig)
    i.TIM_SetCounter                         0x08001206   Section        0  stm32f10x_tim.o(i.TIM_SetCounter)
    i.TIM_TimeBaseInit                       0x0800120c   Section        0  stm32f10x_tim.o(i.TIM_TimeBaseInit)
    i.USART1_IRQHandler                      0x080012b0   Section        0  main.o(i.USART1_IRQHandler)
    i.USART1_Send_data_Std                   0x080012e4   Section        0  usart.o(i.USART1_Send_data_Std)
    i.USART2_IRQHandler                      0x08001310   Section        0  main.o(i.USART2_IRQHandler)
    i.USART_ClearFlag                        0x0800135c   Section        0  stm32f10x_usart.o(i.USART_ClearFlag)
    i.USART_ClearITPendingBit                0x0800136e   Section        0  stm32f10x_usart.o(i.USART_ClearITPendingBit)
    i.USART_Cmd                              0x0800138c   Section        0  stm32f10x_usart.o(i.USART_Cmd)
    i.USART_DeInit                           0x080013a4   Section        0  stm32f10x_usart.o(i.USART_DeInit)
    i.USART_GetFlagStatus                    0x08001440   Section        0  stm32f10x_usart.o(i.USART_GetFlagStatus)
    i.USART_GetITStatus                      0x0800145a   Section        0  stm32f10x_usart.o(i.USART_GetITStatus)
    i.USART_ITConfig                         0x080014ae   Section        0  stm32f10x_usart.o(i.USART_ITConfig)
    i.USART_Init                             0x080014f8   Section        0  stm32f10x_usart.o(i.USART_Init)
    i.USART_ReceiveData                      0x080015d0   Section        0  stm32f10x_usart.o(i.USART_ReceiveData)
    i.USART_SendData                         0x080015da   Section        0  stm32f10x_usart.o(i.USART_SendData)
    i.UsageFault_Handler                     0x080015e2   Section        0  stm32f10x_it.o(i.UsageFault_Handler)
    i.__0sprintf$1                           0x080015e8   Section        0  printf1.o(i.__0sprintf$1)
    i.__scatterload_copy                     0x08001610   Section       14  handlers.o(i.__scatterload_copy)
    i.__scatterload_null                     0x0800161e   Section        2  handlers.o(i.__scatterload_null)
    i.__scatterload_zeroinit                 0x08001620   Section       14  handlers.o(i.__scatterload_zeroinit)
    i._printf_core                           0x08001630   Section        0  printf1.o(i._printf_core)
    _printf_core                             0x08001631   Thumb Code   336  printf1.o(i._printf_core)
    i._sputc                                 0x08001784   Section        0  printf1.o(i._sputc)
    _sputc                                   0x08001785   Thumb Code    10  printf1.o(i._sputc)
    i.main                                   0x08001790   Section        0  main.o(i.main)
    .data                                    0x20000000   Section       20  stm32f10x_rcc.o(.data)
    APBAHBPrescTable                         0x20000000   Data          16  stm32f10x_rcc.o(.data)
    ADCPrescTable                            0x20000010   Data           4  stm32f10x_rcc.o(.data)
    .data                                    0x20000014   Section       44  main.o(.data)
    .data                                    0x20000040   Section        7  ring_buffer_1.o(.data)
    .bss                                     0x20000048   Section      120  main.o(.bss)
    .bss                                     0x200000c0   Section       32  hc595.o(.bss)
    .bss                                     0x200000e0   Section     1440  ring_buffer_1.o(.bss)
    STACK                                    0x20000680   Section     1024  startup_stm32f10x_md.o(STACK)

    Global Symbols

    Symbol Name                              Value     Ov Type        Size  Object(Section)

    BuildAttributes$$THM_ISAv4$P$D$K$B$S$PE$A:L22UL41UL21$X:L11$S22US41US21$IEEE1$IW$USESV6$~STKCKD$USESV7$~SHL$OSPACE$ROPI$EBA8$MICROLIB$REQ8$PRES8$EABIv2 0x00000000   Number         0  anon$$obj.o ABSOLUTE
    __ARM_use_no_argv                        0x00000000   Number         0  main.o ABSOLUTE
    _printf_a                                0x00000000   Number         0  stubs.o ABSOLUTE
    _printf_c                                0x00000000   Number         0  stubs.o ABSOLUTE
    _printf_charcount                        0x00000000   Number         0  stubs.o ABSOLUTE
    _printf_d                                0x00000000   Number         0  stubs.o ABSOLUTE
    _printf_e                                0x00000000   Number         0  stubs.o ABSOLUTE
    _printf_f                                0x00000000   Number         0  stubs.o ABSOLUTE
    _printf_flags                            0x00000000   Number         0  stubs.o ABSOLUTE
    _printf_fp_dec                           0x00000000   Number         0  stubs.o ABSOLUTE
    _printf_fp_hex                           0x00000000   Number         0  stubs.o ABSOLUTE
    _printf_g                                0x00000000   Number         0  stubs.o ABSOLUTE
    _printf_i                                0x00000000   Number         0  stubs.o ABSOLUTE
    _printf_int_dec                          0x00000000   Number         0  stubs.o ABSOLUTE
    _printf_l                                0x00000000   Number         0  stubs.o ABSOLUTE
    _printf_lc                               0x00000000   Number         0  stubs.o ABSOLUTE
    _printf_ll                               0x00000000   Number         0  stubs.o ABSOLUTE
    _printf_lld                              0x00000000   Number         0  stubs.o ABSOLUTE
    _printf_lli                              0x00000000   Number         0  stubs.o ABSOLUTE
    _printf_llo                              0x00000000   Number         0  stubs.o ABSOLUTE
    _printf_llu                              0x00000000   Number         0  stubs.o ABSOLUTE
    _printf_llx                              0x00000000   Number         0  stubs.o ABSOLUTE
    _printf_longlong_dec                     0x00000000   Number         0  stubs.o ABSOLUTE
    _printf_longlong_hex                     0x00000000   Number         0  stubs.o ABSOLUTE
    _printf_longlong_oct                     0x00000000   Number         0  stubs.o ABSOLUTE
    _printf_ls                               0x00000000   Number         0  stubs.o ABSOLUTE
    _printf_mbtowc                           0x00000000   Number         0  stubs.o ABSOLUTE
    _printf_n                                0x00000000   Number         0  stubs.o ABSOLUTE
    _printf_o                                0x00000000   Number         0  stubs.o ABSOLUTE
    _printf_p                                0x00000000   Number         0  stubs.o ABSOLUTE
    _printf_percent                          0x00000000   Number         0  stubs.o ABSOLUTE
    _printf_pre_padding                      0x00000000   Number         0  stubs.o ABSOLUTE
    _printf_return_value                     0x00000000   Number         0  stubs.o ABSOLUTE
    _printf_s                                0x00000000   Number         0  stubs.o ABSOLUTE
    _printf_sizespec                         0x00000000   Number         0  stubs.o ABSOLUTE
    _printf_str                              0x00000000   Number         0  stubs.o ABSOLUTE
    _printf_truncate_signed                  0x00000000   Number         0  stubs.o ABSOLUTE
    _printf_truncate_unsigned                0x00000000   Number         0  stubs.o ABSOLUTE
    _printf_u                                0x00000000   Number         0  stubs.o ABSOLUTE
    _printf_wc                               0x00000000   Number         0  stubs.o ABSOLUTE
    _printf_wctomb                           0x00000000   Number         0  stubs.o ABSOLUTE
    _printf_widthprec                        0x00000000   Number         0  stubs.o ABSOLUTE
    _printf_x                                0x00000000   Number         0  stubs.o ABSOLUTE
    __cpp_initialize__aeabi_                  - Undefined Weak Reference
    __cxa_finalize                            - Undefined Weak Reference
    __decompress                              - Undefined Weak Reference
    _clock_init                               - Undefined Weak Reference
    _microlib_exit                            - Undefined Weak Reference
    __Vectors_Size                           0x000000ec   Number         0  startup_stm32f10x_md.o ABSOLUTE
    __Vectors                                0x08000000   Data           4  startup_stm32f10x_md.o(RESET)
    __Vectors_End                            0x080000ec   Data           0  startup_stm32f10x_md.o(RESET)
    __main                                   0x080000ed   Thumb Code     0  entry.o(.ARM.Collect$$$$00000000)
    _main_stk                                0x080000ed   Thumb Code     0  entry2.o(.ARM.Collect$$$$00000001)
    _main_scatterload                        0x080000f1   Thumb Code     0  entry5.o(.ARM.Collect$$$$00000004)
    __main_after_scatterload                 0x080000f5   Thumb Code     0  entry5.o(.ARM.Collect$$$$00000004)
    _main_clock                              0x080000f5   Thumb Code     0  entry7b.o(.ARM.Collect$$$$00000008)
    _main_cpp_init                           0x080000f5   Thumb Code     0  entry8b.o(.ARM.Collect$$$$0000000A)
    _main_init                               0x080000f5   Thumb Code     0  entry9a.o(.ARM.Collect$$$$0000000B)
    __rt_final_cpp                           0x080000fd   Thumb Code     0  entry10a.o(.ARM.Collect$$$$0000000D)
    __rt_final_exit                          0x080000fd   Thumb Code     0  entry11a.o(.ARM.Collect$$$$0000000F)
    Reset_Handler                            0x08000101   Thumb Code     8  startup_stm32f10x_md.o(.text)
    ADC1_2_IRQHandler                        0x0800011b   Thumb Code     0  startup_stm32f10x_md.o(.text)
    CAN1_RX1_IRQHandler                      0x0800011b   Thumb Code     0  startup_stm32f10x_md.o(.text)
    CAN1_SCE_IRQHandler                      0x0800011b   Thumb Code     0  startup_stm32f10x_md.o(.text)
    DMA1_Channel1_IRQHandler                 0x0800011b   Thumb Code     0  startup_stm32f10x_md.o(.text)
    DMA1_Channel2_IRQHandler                 0x0800011b   Thumb Code     0  startup_stm32f10x_md.o(.text)
    DMA1_Channel3_IRQHandler                 0x0800011b   Thumb Code     0  startup_stm32f10x_md.o(.text)
    DMA1_Channel4_IRQHandler                 0x0800011b   Thumb Code     0  startup_stm32f10x_md.o(.text)
    DMA1_Channel5_IRQHandler                 0x0800011b   Thumb Code     0  startup_stm32f10x_md.o(.text)
    DMA1_Channel6_IRQHandler                 0x0800011b   Thumb Code     0  startup_stm32f10x_md.o(.text)
    DMA1_Channel7_IRQHandler                 0x0800011b   Thumb Code     0  startup_stm32f10x_md.o(.text)
    EXTI0_IRQHandler                         0x0800011b   Thumb Code     0  startup_stm32f10x_md.o(.text)
    EXTI1_IRQHandler                         0x0800011b   Thumb Code     0  startup_stm32f10x_md.o(.text)
    EXTI2_IRQHandler                         0x0800011b   Thumb Code     0  startup_stm32f10x_md.o(.text)
    EXTI3_IRQHandler                         0x0800011b   Thumb Code     0  startup_stm32f10x_md.o(.text)
    EXTI4_IRQHandler                         0x0800011b   Thumb Code     0  startup_stm32f10x_md.o(.text)
    FLASH_IRQHandler                         0x0800011b   Thumb Code     0  startup_stm32f10x_md.o(.text)
    I2C1_ER_IRQHandler                       0x0800011b   Thumb Code     0  startup_stm32f10x_md.o(.text)
    I2C1_EV_IRQHandler                       0x0800011b   Thumb Code     0  startup_stm32f10x_md.o(.text)
    I2C2_ER_IRQHandler                       0x0800011b   Thumb Code     0  startup_stm32f10x_md.o(.text)
    I2C2_EV_IRQHandler                       0x0800011b   Thumb Code     0  startup_stm32f10x_md.o(.text)
    PVD_IRQHandler                           0x0800011b   Thumb Code     0  startup_stm32f10x_md.o(.text)
    RCC_IRQHandler                           0x0800011b   Thumb Code     0  startup_stm32f10x_md.o(.text)
    RTCAlarm_IRQHandler                      0x0800011b   Thumb Code     0  startup_stm32f10x_md.o(.text)
    RTC_IRQHandler                           0x0800011b   Thumb Code     0  startup_stm32f10x_md.o(.text)
    SPI1_IRQHandler                          0x0800011b   Thumb Code     0  startup_stm32f10x_md.o(.text)
    SPI2_IRQHandler                          0x0800011b   Thumb Code     0  startup_stm32f10x_md.o(.text)
    TAMPER_IRQHandler                        0x0800011b   Thumb Code     0  startup_stm32f10x_md.o(.text)
    TIM1_BRK_IRQHandler                      0x0800011b   Thumb Code     0  startup_stm32f10x_md.o(.text)
    TIM1_CC_IRQHandler                       0x0800011b   Thumb Code     0  startup_stm32f10x_md.o(.text)
    TIM1_TRG_COM_IRQHandler                  0x0800011b   Thumb Code     0  startup_stm32f10x_md.o(.text)
    TIM3_IRQHandler                          0x0800011b   Thumb Code     0  startup_stm32f10x_md.o(.text)
    TIM4_IRQHandler                          0x0800011b   Thumb Code     0  startup_stm32f10x_md.o(.text)
    USART3_IRQHandler                        0x0800011b   Thumb Code     0  startup_stm32f10x_md.o(.text)
    USBWakeUp_IRQHandler                     0x0800011b   Thumb Code     0  startup_stm32f10x_md.o(.text)
    USB_HP_CAN1_TX_IRQHandler                0x0800011b   Thumb Code     0  startup_stm32f10x_md.o(.text)
    USB_LP_CAN1_RX0_IRQHandler               0x0800011b   Thumb Code     0  startup_stm32f10x_md.o(.text)
    WWDG_IRQHandler                          0x0800011b   Thumb Code     0  startup_stm32f10x_md.o(.text)
    __aeabi_uldivmod                         0x08000125   Thumb Code    98  uldiv.o(.text)
    __aeabi_uidiv                            0x08000187   Thumb Code     0  uidiv.o(.text)
    __aeabi_uidivmod                         0x08000187   Thumb Code    44  uidiv.o(.text)
    __aeabi_llsl                             0x080001b3   Thumb Code    30  llshl.o(.text)
    _ll_shift_l                              0x080001b3   Thumb Code     0  llshl.o(.text)
    __aeabi_llsr                             0x080001d1   Thumb Code    32  llushr.o(.text)
    _ll_ushift_r                             0x080001d1   Thumb Code     0  llushr.o(.text)
    __scatterload                            0x080001f1   Thumb Code    28  init.o(.text)
    __scatterload_rt2                        0x080001f1   Thumb Code     0  init.o(.text)
    BusFault_Handler                         0x08000215   Thumb Code     4  stm32f10x_it.o(i.BusFault_Handler)
    CS1_Disable                              0x08000219   Thumb Code    12  spi.o(i.CS1_Disable)
    CS1_Enable                               0x08000229   Thumb Code    12  spi.o(i.CS1_Enable)
    Config_CLOCK_HSE_Std                     0x08000239   Thumb Code   100  clock.o(i.Config_CLOCK_HSE_Std)
    Config_GPIO_OUTPUT_PortA                 0x0800029d   Thumb Code    46  gpio.o(i.Config_GPIO_OUTPUT_PortA)
    Config_GPIO_OUTPUT_PortB                 0x080002d1   Thumb Code    58  gpio.o(i.Config_GPIO_OUTPUT_PortB)
    Config_GPIO_OUTPUT_PortC                 0x08000311   Thumb Code    58  gpio.o(i.Config_GPIO_OUTPUT_PortC)
    Config_IWDG                              0x08000351   Thumb Code    30  watch_dog.o(i.Config_IWDG)
    Config_Timer1_IT_Std                     0x08000371   Thumb Code    98  timer.o(i.Config_Timer1_IT_Std)
    Config_Timer2_Std                        0x080003d9   Thumb Code    60  timer.o(i.Config_Timer2_Std)
    Config_USART1_IT_Std                     0x08000415   Thumb Code   156  usart.o(i.Config_USART1_IT_Std)
    Config_USART2_IT_Std                     0x080004b9   Thumb Code   158  usart.o(i.Config_USART2_IT_Std)
    DebugMon_Handler                         0x08000561   Thumb Code     2  stm32f10x_it.o(i.DebugMon_Handler)
    Delay_Timer2_Ms_Std                      0x08000563   Thumb Code    40  timer.o(i.Delay_Timer2_Ms_Std)
    Display7SEG                              0x0800058d   Thumb Code    30  main.o(i.Display7SEG)
    EXTI15_10_IRQHandler                     0x080005cd   Thumb Code     2  stm32f10x_it.o(i.EXTI15_10_IRQHandler)
    EXTI9_5_IRQHandler                       0x080005d1   Thumb Code    42  main.o(i.EXTI9_5_IRQHandler)
    EXTI_ClearITPendingBit                   0x08000601   Thumb Code     6  stm32f10x_exti.o(i.EXTI_ClearITPendingBit)
    EXTI_GetITStatus                         0x0800060d   Thumb Code    34  stm32f10x_exti.o(i.EXTI_GetITStatus)
    FLASH_PrefetchBufferCmd                  0x08000635   Thumb Code    22  stm32f10x_flash.o(i.FLASH_PrefetchBufferCmd)
    FLASH_SetLatency                         0x08000651   Thumb Code    18  stm32f10x_flash.o(i.FLASH_SetLatency)
    GPIO_Init                                0x08000669   Thumb Code   278  stm32f10x_gpio.o(i.GPIO_Init)
    GPIO_ResetBits                           0x0800077f   Thumb Code     4  stm32f10x_gpio.o(i.GPIO_ResetBits)
    GPIO_SetBits                             0x08000783   Thumb Code     4  stm32f10x_gpio.o(i.GPIO_SetBits)
    HardFault_Handler                        0x08000787   Thumb Code     4  stm32f10x_it.o(i.HardFault_Handler)
    IWDG_Enable                              0x0800078d   Thumb Code    10  stm32f10x_iwdg.o(i.IWDG_Enable)
    IWDG_ReloadCounter                       0x0800079d   Thumb Code    10  stm32f10x_iwdg.o(i.IWDG_ReloadCounter)
    IWDG_SetPrescaler                        0x080007ad   Thumb Code     6  stm32f10x_iwdg.o(i.IWDG_SetPrescaler)
    IWDG_SetReload                           0x080007b9   Thumb Code     6  stm32f10x_iwdg.o(i.IWDG_SetReload)
    IWDG_WriteAccessCmd                      0x080007c5   Thumb Code     6  stm32f10x_iwdg.o(i.IWDG_WriteAccessCmd)
    MemManage_Handler                        0x080007d1   Thumb Code     4  stm32f10x_it.o(i.MemManage_Handler)
    NMI_Handler                              0x080007d5   Thumb Code     2  stm32f10x_it.o(i.NMI_Handler)
    NVIC_Init                                0x080007ed   Thumb Code   100  misc.o(i.NVIC_Init)
    PendSV_Handler                           0x0800085d   Thumb Code     2  stm32f10x_it.o(i.PendSV_Handler)
    RCC_APB1PeriphClockCmd                   0x08000861   Thumb Code    26  stm32f10x_rcc.o(i.RCC_APB1PeriphClockCmd)
    RCC_APB1PeriphResetCmd                   0x08000881   Thumb Code    26  stm32f10x_rcc.o(i.RCC_APB1PeriphResetCmd)
    RCC_APB2PeriphClockCmd                   0x080008a1   Thumb Code    26  stm32f10x_rcc.o(i.RCC_APB2PeriphClockCmd)
    RCC_APB2PeriphResetCmd                   0x080008c1   Thumb Code    26  stm32f10x_rcc.o(i.RCC_APB2PeriphResetCmd)
    RCC_DeInit                               0x080008e1   Thumb Code    64  stm32f10x_rcc.o(i.RCC_DeInit)
    RCC_GetClocksFreq                        0x0800092d   Thumb Code   192  stm32f10x_rcc.o(i.RCC_GetClocksFreq)
    RCC_GetFlagStatus                        0x08000a01   Thumb Code    56  stm32f10x_rcc.o(i.RCC_GetFlagStatus)
    RCC_HCLKConfig                           0x08000a3d   Thumb Code    18  stm32f10x_rcc.o(i.RCC_HCLKConfig)
    RCC_HSEConfig                            0x08000a55   Thumb Code    70  stm32f10x_rcc.o(i.RCC_HSEConfig)
    RCC_PCLK1Config                          0x08000aa1   Thumb Code    18  stm32f10x_rcc.o(i.RCC_PCLK1Config)
    RCC_PCLK2Config                          0x08000ab9   Thumb Code    20  stm32f10x_rcc.o(i.RCC_PCLK2Config)
    RCC_PLLCmd                               0x08000ad1   Thumb Code     6  stm32f10x_rcc.o(i.RCC_PLLCmd)
    RCC_PLLConfig                            0x08000add   Thumb Code    24  stm32f10x_rcc.o(i.RCC_PLLConfig)
    RCC_SYSCLKConfig                         0x08000af9   Thumb Code    18  stm32f10x_rcc.o(i.RCC_SYSCLKConfig)
    RCC_WaitForHSEStartUp                    0x08000b11   Thumb Code    56  stm32f10x_rcc.o(i.RCC_WaitForHSEStartUp)
    Read_FLASH_Buff_Std                      0x08000b49   Thumb Code    30  flash.o(i.Read_FLASH_Buff_Std)
    SPI1_Enable                              0x08000b69   Thumb Code    14  spi.o(i.SPI1_Enable)
    SPI1_Master_Config                       0x08000b7d   Thumb Code   188  spi.o(i.SPI1_Master_Config)
    SPI1_Read                                0x08000c41   Thumb Code    36  spi.o(i.SPI1_Read)
    SPI1_Send                                0x08000c69   Thumb Code    34  spi.o(i.SPI1_Send)
    SPI2_Enable                              0x08000c91   Thumb Code    14  spi.o(i.SPI2_Enable)
    SPI2_Slave_Config                        0x08000ca5   Thumb Code   154  spi.o(i.SPI2_Slave_Config)
    SPI_Cmd                                  0x08000d49   Thumb Code    24  stm32f10x_spi.o(i.SPI_Cmd)
    SPI_Init                                 0x08000d61   Thumb Code    60  stm32f10x_spi.o(i.SPI_Init)
    SVC_Handler                              0x08000d9d   Thumb Code     2  stm32f10x_it.o(i.SVC_Handler)
    SX1278_Explicit_Header                   0x08000d9f   Thumb Code    20  sx1278.o(i.SX1278_Explicit_Header)
    SX1278_Init                              0x08000db5   Thumb Code   122  sx1278.o(i.SX1278_Init)
    SX1278_RX_Continuous                     0x08000e39   Thumb Code    12  sx1278.o(i.SX1278_RX_Continuous)
    SX1278_Read_Register                     0x08000e45   Thumb Code    30  sx1278.o(i.SX1278_Read_Register)
    SX1278_Set_Bandwidth                     0x08000e63   Thumb Code    26  sx1278.o(i.SX1278_Set_Bandwidth)
    SX1278_Set_CodingRate                    0x08000e7d   Thumb Code    30  sx1278.o(i.SX1278_Set_CodingRate)
    SX1278_Set_Freq                          0x08000e9d   Thumb Code    70  sx1278.o(i.SX1278_Set_Freq)
    SX1278_Set_LnAGain                       0x08000ee9   Thumb Code    12  sx1278.o(i.SX1278_Set_LnAGain)
    SX1278_Set_Ocp                           0x08000ef5   Thumb Code    64  sx1278.o(i.SX1278_Set_Ocp)
    SX1278_Set_Power                         0x08000f35   Thumb Code    74  sx1278.o(i.SX1278_Set_Power)
    SX1278_Set_SpreadingFactor               0x08000f7f   Thumb Code    26  sx1278.o(i.SX1278_Set_SpreadingFactor)
    SX1278_Sleep                             0x08000f99   Thumb Code    12  sx1278.o(i.SX1278_Sleep)
    SX1278_Standby                           0x08000fa5   Thumb Code    12  sx1278.o(i.SX1278_Standby)
    SX1278_Write_Register                    0x08000fb1   Thumb Code    30  sx1278.o(i.SX1278_Write_Register)
    Send_RS485                               0x08000fd1   Thumb Code    74  usart.o(i.Send_RS485)
    SysTick_Handler                          0x0800110d   Thumb Code     2  stm32f10x_it.o(i.SysTick_Handler)
    SystemInit                               0x08001111   Thumb Code    78  system_stm32f10x.o(i.SystemInit)
    TIM1_UP_IRQHandler                       0x08001171   Thumb Code    32  main.o(i.TIM1_UP_IRQHandler)
    TIM2_IRQHandler                          0x08001199   Thumb Code    22  main.o(i.TIM2_IRQHandler)
    TIM_ClearITPendingBit                    0x080011af   Thumb Code     6  stm32f10x_tim.o(i.TIM_ClearITPendingBit)
    TIM_Cmd                                  0x080011b5   Thumb Code    24  stm32f10x_tim.o(i.TIM_Cmd)
    TIM_GetCounter                           0x080011cd   Thumb Code     6  stm32f10x_tim.o(i.TIM_GetCounter)
    TIM_GetITStatus                          0x080011d3   Thumb Code    34  stm32f10x_tim.o(i.TIM_GetITStatus)
    TIM_ITConfig                             0x080011f5   Thumb Code    18  stm32f10x_tim.o(i.TIM_ITConfig)
    TIM_SetCounter                           0x08001207   Thumb Code     4  stm32f10x_tim.o(i.TIM_SetCounter)
    TIM_TimeBaseInit                         0x0800120d   Thumb Code   122  stm32f10x_tim.o(i.TIM_TimeBaseInit)
    USART1_IRQHandler                        0x080012b1   Thumb Code    44  main.o(i.USART1_IRQHandler)
    USART1_Send_data_Std                     0x080012e5   Thumb Code    40  usart.o(i.USART1_Send_data_Std)
    USART2_IRQHandler                        0x08001311   Thumb Code    64  main.o(i.USART2_IRQHandler)
    USART_ClearFlag                          0x0800135d   Thumb Code    18  stm32f10x_usart.o(i.USART_ClearFlag)
    USART_ClearITPendingBit                  0x0800136f   Thumb Code    30  stm32f10x_usart.o(i.USART_ClearITPendingBit)
    USART_Cmd                                0x0800138d   Thumb Code    24  stm32f10x_usart.o(i.USART_Cmd)
    USART_DeInit                             0x080013a5   Thumb Code   134  stm32f10x_usart.o(i.USART_DeInit)
    USART_GetFlagStatus                      0x08001441   Thumb Code    26  stm32f10x_usart.o(i.USART_GetFlagStatus)
    USART_GetITStatus                        0x0800145b   Thumb Code    84  stm32f10x_usart.o(i.USART_GetITStatus)
    USART_ITConfig                           0x080014af   Thumb Code    74  stm32f10x_usart.o(i.USART_ITConfig)
    USART_Init                               0x080014f9   Thumb Code   210  stm32f10x_usart.o(i.USART_Init)
    USART_ReceiveData                        0x080015d1   Thumb Code    10  stm32f10x_usart.o(i.USART_ReceiveData)
    USART_SendData                           0x080015db   Thumb Code     8  stm32f10x_usart.o(i.USART_SendData)
    UsageFault_Handler                       0x080015e3   Thumb Code     4  stm32f10x_it.o(i.UsageFault_Handler)
    __0sprintf$1                             0x080015e9   Thumb Code    34  printf1.o(i.__0sprintf$1)
    __1sprintf$1                             0x080015e9   Thumb Code     0  printf1.o(i.__0sprintf$1)
    __2sprintf                               0x080015e9   Thumb Code     0  printf1.o(i.__0sprintf$1)
    __scatterload_copy                       0x08001611   Thumb Code    14  handlers.o(i.__scatterload_copy)
    __scatterload_null                       0x0800161f   Thumb Code     2  handlers.o(i.__scatterload_null)
    __scatterload_zeroinit                   0x08001621   Thumb Code    14  handlers.o(i.__scatterload_zeroinit)
    main                                     0x08001791   Thumb Code   196  main.o(i.main)
    Region$$Table$$Base                      0x08001870   Number         0  anon$$obj.o(Region$$Table)
    Region$$Table$$Limit                     0x08001890   Number         0  anon$$obj.o(Region$$Table)
    Rx_Done_Flag                             0x20000014   Data           1  main.o(.data)
    counter1ms                               0x20000016   Data           2  main.o(.data)
    data_Rx                                  0x20000018   Data           1  main.o(.data)
    value_ADC                                0x2000001a   Data           2  main.o(.data)
    dt                                       0x2000001c   Data           1  main.o(.data)
    default_firmware                         0x20000020   Data          32  main.o(.data)
    RxByte                                   0x20000040   Data           1  ring_buffer_1.o(.data)
    Index_In_RxBuffer                        0x20000042   Data           2  ring_buffer_1.o(.data)
    Index_Out_RxBuffer                       0x20000044   Data           2  ring_buffer_1.o(.data)
    Index_cmdBuff                            0x20000046   Data           1  ring_buffer_1.o(.data)
    N                                        0x20000048   Data         120  main.o(.bss)
    LED7SEG                                  0x200000c0   Data          32  hc595.o(.bss)
    RxBuffer                                 0x200000e0   Data        1024  ring_buffer_1.o(.bss)
    cmdBuffer                                0x200004e0   Data         128  ring_buffer_1.o(.bss)
    Buffer_Money                             0x20000560   Data         128  ring_buffer_1.o(.bss)
    Arr_Data                                 0x200005e0   Data          32  ring_buffer_1.o(.bss)
    M                                        0x20000600   Data         128  ring_buffer_1.o(.bss)
    __initial_sp                             0x20000a80   Data           0  startup_stm32f10x_md.o(STACK)



==============================================================================

Memory Map of the image

  Image Entry point : 0x080000ed

  Load Region LR_IROM1 (Base: 0x08000000, Size: 0x000018d8, Max: 0x00010000, ABSOLUTE)

    Execution Region ER_IROM1 (Exec base: 0x08000000, Load base: 0x08000000, Size: 0x00001890, Max: 0x00010000, ABSOLUTE)

    Exec Addr    Load Addr    Size         Type   Attr      Idx    E Section Name        Object

    0x08000000   0x08000000   0x000000ec   Data   RO          506    RESET               startup_stm32f10x_md.o
    0x080000ec   0x080000ec   0x00000000   Code   RO         3112  * .ARM.Collect$$$$00000000  mc_w.l(entry.o)
    0x080000ec   0x080000ec   0x00000004   Code   RO         3390    .ARM.Collect$$$$00000001  mc_w.l(entry2.o)
    0x080000f0   0x080000f0   0x00000004   Code   RO         3393    .ARM.Collect$$$$00000004  mc_w.l(entry5.o)
    0x080000f4   0x080000f4   0x00000000   Code   RO         3395    .ARM.Collect$$$$00000008  mc_w.l(entry7b.o)
    0x080000f4   0x080000f4   0x00000000   Code   RO         3397    .ARM.Collect$$$$0000000A  mc_w.l(entry8b.o)
    0x080000f4   0x080000f4   0x00000008   Code   RO         3398    .ARM.Collect$$$$0000000B  mc_w.l(entry9a.o)
    0x080000fc   0x080000fc   0x00000000   Code   RO         3400    .ARM.Collect$$$$0000000D  mc_w.l(entry10a.o)
    0x080000fc   0x080000fc   0x00000000   Code   RO         3402    .ARM.Collect$$$$0000000F  mc_w.l(entry11a.o)
    0x080000fc   0x080000fc   0x00000004   Code   RO         3391    .ARM.Collect$$$$00002712  mc_w.l(entry2.o)
    0x08000100   0x08000100   0x00000024   Code   RO          507    .text               startup_stm32f10x_md.o
    0x08000124   0x08000124   0x00000062   Code   RO         3115    .text               mc_w.l(uldiv.o)
    0x08000186   0x08000186   0x0000002c   Code   RO         3407    .text               mc_w.l(uidiv.o)
    0x080001b2   0x080001b2   0x0000001e   Code   RO         3409    .text               mc_w.l(llshl.o)
    0x080001d0   0x080001d0   0x00000020   Code   RO         3411    .text               mc_w.l(llushr.o)
    0x080001f0   0x080001f0   0x00000024   Code   RO         3433    .text               mc_w.l(init.o)
    0x08000214   0x08000214   0x00000004   Code   RO         2261    i.BusFault_Handler  stm32f10x_it.o
    0x08000218   0x08000218   0x00000010   Code   RO         2820    i.CS1_Disable       spi.o
    0x08000228   0x08000228   0x00000010   Code   RO         2821    i.CS1_Enable        spi.o
    0x08000238   0x08000238   0x00000064   Code   RO         2711    i.Config_CLOCK_HSE_Std  clock.o
    0x0800029c   0x0800029c   0x00000034   Code   RO         2610    i.Config_GPIO_OUTPUT_PortA  gpio.o
    0x080002d0   0x080002d0   0x00000040   Code   RO         2611    i.Config_GPIO_OUTPUT_PortB  gpio.o
    0x08000310   0x08000310   0x00000040   Code   RO         2612    i.Config_GPIO_OUTPUT_PortC  gpio.o
    0x08000350   0x08000350   0x0000001e   Code   RO         2796    i.Config_IWDG       watch_dog.o
    0x0800036e   0x0800036e   0x00000002   PAD
    0x08000370   0x08000370   0x00000068   Code   RO         2513    i.Config_Timer1_IT_Std  timer.o
    0x080003d8   0x080003d8   0x0000003c   Code   RO         2517    i.Config_Timer2_Std  timer.o
    0x08000414   0x08000414   0x000000a4   Code   RO         2421    i.Config_USART1_IT_Std  usart.o
    0x080004b8   0x080004b8   0x000000a8   Code   RO         2423    i.Config_USART2_IT_Std  usart.o
    0x08000560   0x08000560   0x00000002   Code   RO         2262    i.DebugMon_Handler  stm32f10x_it.o
    0x08000562   0x08000562   0x00000028   Code   RO         2522    i.Delay_Timer2_Ms_Std  timer.o
    0x0800058a   0x0800058a   0x00000002   PAD
    0x0800058c   0x0800058c   0x00000040   Code   RO         2098    i.Display7SEG       main.o
    0x080005cc   0x080005cc   0x00000002   Code   RO         2263    i.EXTI15_10_IRQHandler  stm32f10x_it.o
    0x080005ce   0x080005ce   0x00000002   PAD
    0x080005d0   0x080005d0   0x00000030   Code   RO         2099    i.EXTI9_5_IRQHandler  main.o
    0x08000600   0x08000600   0x0000000c   Code   RO          126    i.EXTI_ClearITPendingBit  stm32f10x_exti.o
    0x0800060c   0x0800060c   0x00000028   Code   RO          130    i.EXTI_GetITStatus  stm32f10x_exti.o
    0x08000634   0x08000634   0x0000001c   Code   RO         1328    i.FLASH_PrefetchBufferCmd  stm32f10x_flash.o
    0x08000650   0x08000650   0x00000018   Code   RO         1333    i.FLASH_SetLatency  stm32f10x_flash.o
    0x08000668   0x08000668   0x00000116   Code   RO          185    i.GPIO_Init         stm32f10x_gpio.o
    0x0800077e   0x0800077e   0x00000004   Code   RO          192    i.GPIO_ResetBits    stm32f10x_gpio.o
    0x08000782   0x08000782   0x00000004   Code   RO          193    i.GPIO_SetBits      stm32f10x_gpio.o
    0x08000786   0x08000786   0x00000004   Code   RO         2264    i.HardFault_Handler  stm32f10x_it.o
    0x0800078a   0x0800078a   0x00000002   PAD
    0x0800078c   0x0800078c   0x00000010   Code   RO         1485    i.IWDG_Enable       stm32f10x_iwdg.o
    0x0800079c   0x0800079c   0x00000010   Code   RO         1487    i.IWDG_ReloadCounter  stm32f10x_iwdg.o
    0x080007ac   0x080007ac   0x0000000c   Code   RO         1488    i.IWDG_SetPrescaler  stm32f10x_iwdg.o
    0x080007b8   0x080007b8   0x0000000c   Code   RO         1489    i.IWDG_SetReload    stm32f10x_iwdg.o
    0x080007c4   0x080007c4   0x0000000c   Code   RO         1490    i.IWDG_WriteAccessCmd  stm32f10x_iwdg.o
    0x080007d0   0x080007d0   0x00000004   Code   RO         2265    i.MemManage_Handler  stm32f10x_it.o
    0x080007d4   0x080007d4   0x00000002   Code   RO         2266    i.NMI_Handler       stm32f10x_it.o
    0x080007d6   0x080007d6   0x00000016   Code   RO         2426    i.NVIC_EnableIRQ    usart.o
    0x080007ec   0x080007ec   0x00000070   Code   RO            1    i.NVIC_Init         misc.o
    0x0800085c   0x0800085c   0x00000002   Code   RO         2267    i.PendSV_Handler    stm32f10x_it.o
    0x0800085e   0x0800085e   0x00000002   PAD
    0x08000860   0x08000860   0x00000020   Code   RO          295    i.RCC_APB1PeriphClockCmd  stm32f10x_rcc.o
    0x08000880   0x08000880   0x00000020   Code   RO          296    i.RCC_APB1PeriphResetCmd  stm32f10x_rcc.o
    0x080008a0   0x080008a0   0x00000020   Code   RO          297    i.RCC_APB2PeriphClockCmd  stm32f10x_rcc.o
    0x080008c0   0x080008c0   0x00000020   Code   RO          298    i.RCC_APB2PeriphResetCmd  stm32f10x_rcc.o
    0x080008e0   0x080008e0   0x0000004c   Code   RO          304    i.RCC_DeInit        stm32f10x_rcc.o
    0x0800092c   0x0800092c   0x000000d4   Code   RO          305    i.RCC_GetClocksFreq  stm32f10x_rcc.o
    0x08000a00   0x08000a00   0x0000003c   Code   RO          306    i.RCC_GetFlagStatus  stm32f10x_rcc.o
    0x08000a3c   0x08000a3c   0x00000018   Code   RO          309    i.RCC_HCLKConfig    stm32f10x_rcc.o
    0x08000a54   0x08000a54   0x0000004c   Code   RO          310    i.RCC_HSEConfig     stm32f10x_rcc.o
    0x08000aa0   0x08000aa0   0x00000018   Code   RO          316    i.RCC_PCLK1Config   stm32f10x_rcc.o
    0x08000ab8   0x08000ab8   0x00000018   Code   RO          317    i.RCC_PCLK2Config   stm32f10x_rcc.o
    0x08000ad0   0x08000ad0   0x0000000c   Code   RO          318    i.RCC_PLLCmd        stm32f10x_rcc.o
    0x08000adc   0x08000adc   0x0000001c   Code   RO          319    i.RCC_PLLConfig     stm32f10x_rcc.o
    0x08000af8   0x08000af8   0x00000018   Code   RO          322    i.RCC_SYSCLKConfig  stm32f10x_rcc.o
    0x08000b10   0x08000b10   0x00000038   Code   RO          324    i.RCC_WaitForHSEStartUp  stm32f10x_rcc.o
    0x08000b48   0x08000b48   0x0000001e   Code   RO         2735    i.Read_FLASH_Buff_Std  flash.o
    0x08000b66   0x08000b66   0x00000002   PAD
    0x08000b68   0x08000b68   0x00000014   Code   RO         2825    i.SPI1_Enable       spi.o
    0x08000b7c   0x08000b7c   0x000000c4   Code   RO         2827    i.SPI1_Master_Config  spi.o
    0x08000c40   0x08000c40   0x00000028   Code   RO         2829    i.SPI1_Read         spi.o
    0x08000c68   0x08000c68   0x00000028   Code   RO         2831    i.SPI1_Send         spi.o
    0x08000c90   0x08000c90   0x00000014   Code   RO         2835    i.SPI2_Enable       spi.o
    0x08000ca4   0x08000ca4   0x000000a4   Code   RO         2841    i.SPI2_Slave_Config  spi.o
    0x08000d48   0x08000d48   0x00000018   Code   RO         1754    i.SPI_Cmd           stm32f10x_spi.o
    0x08000d60   0x08000d60   0x0000003c   Code   RO         1767    i.SPI_Init          stm32f10x_spi.o
    0x08000d9c   0x08000d9c   0x00000002   Code   RO         2268    i.SVC_Handler       stm32f10x_it.o
    0x08000d9e   0x08000d9e   0x00000014   Code   RO         2972    i.SX1278_Explicit_Header  sx1278.o
    0x08000db2   0x08000db2   0x00000002   PAD
    0x08000db4   0x08000db4   0x00000084   Code   RO         2974    i.SX1278_Init       sx1278.o
    0x08000e38   0x08000e38   0x0000000c   Code   RO         2975    i.SX1278_RX_Continuous  sx1278.o
    0x08000e44   0x08000e44   0x0000001e   Code   RO         2976    i.SX1278_Read_Register  sx1278.o
    0x08000e62   0x08000e62   0x0000001a   Code   RO         2979    i.SX1278_Set_Bandwidth  sx1278.o
    0x08000e7c   0x08000e7c   0x0000001e   Code   RO         2980    i.SX1278_Set_CodingRate  sx1278.o
    0x08000e9a   0x08000e9a   0x00000002   PAD
    0x08000e9c   0x08000e9c   0x0000004c   Code   RO         2981    i.SX1278_Set_Freq   sx1278.o
    0x08000ee8   0x08000ee8   0x0000000c   Code   RO         2982    i.SX1278_Set_LnAGain  sx1278.o
    0x08000ef4   0x08000ef4   0x00000040   Code   RO         2983    i.SX1278_Set_Ocp    sx1278.o
    0x08000f34   0x08000f34   0x0000004a   Code   RO         2984    i.SX1278_Set_Power  sx1278.o
    0x08000f7e   0x08000f7e   0x0000001a   Code   RO         2985    i.SX1278_Set_SpreadingFactor  sx1278.o
    0x08000f98   0x08000f98   0x0000000c   Code   RO         2986    i.SX1278_Sleep      sx1278.o
    0x08000fa4   0x08000fa4   0x0000000c   Code   RO         2987    i.SX1278_Standby    sx1278.o
    0x08000fb0   0x08000fb0   0x0000001e   Code   RO         2989    i.SX1278_Write_Register  sx1278.o
    0x08000fce   0x08000fce   0x00000002   PAD
    0x08000fd0   0x08000fd0   0x00000054   Code   RO         2427    i.Send_RS485        usart.o
    0x08001024   0x08001024   0x00000008   Code   RO         2330    i.SetSysClock       system_stm32f10x.o
    0x0800102c   0x0800102c   0x000000e0   Code   RO         2331    i.SetSysClockTo72   system_stm32f10x.o
    0x0800110c   0x0800110c   0x00000002   Code   RO         2269    i.SysTick_Handler   stm32f10x_it.o
    0x0800110e   0x0800110e   0x00000002   PAD
    0x08001110   0x08001110   0x00000060   Code   RO         2333    i.SystemInit        system_stm32f10x.o
    0x08001170   0x08001170   0x00000028   Code   RO         2100    i.TIM1_UP_IRQHandler  main.o
    0x08001198   0x08001198   0x00000016   Code   RO         2101    i.TIM2_IRQHandler   main.o
    0x080011ae   0x080011ae   0x00000006   Code   RO          522    i.TIM_ClearITPendingBit  stm32f10x_tim.o
    0x080011b4   0x080011b4   0x00000018   Code   RO          527    i.TIM_Cmd           stm32f10x_tim.o
    0x080011cc   0x080011cc   0x00000006   Code   RO          546    i.TIM_GetCounter    stm32f10x_tim.o
    0x080011d2   0x080011d2   0x00000022   Code   RO          548    i.TIM_GetITStatus   stm32f10x_tim.o
    0x080011f4   0x080011f4   0x00000012   Code   RO          552    i.TIM_ITConfig      stm32f10x_tim.o
    0x08001206   0x08001206   0x00000004   Code   RO          592    i.TIM_SetCounter    stm32f10x_tim.o
    0x0800120a   0x0800120a   0x00000002   PAD
    0x0800120c   0x0800120c   0x000000a4   Code   RO          598    i.TIM_TimeBaseInit  stm32f10x_tim.o
    0x080012b0   0x080012b0   0x00000034   Code   RO         2102    i.USART1_IRQHandler  main.o
    0x080012e4   0x080012e4   0x0000002c   Code   RO         2430    i.USART1_Send_data_Std  usart.o
    0x08001310   0x08001310   0x0000004c   Code   RO         2103    i.USART2_IRQHandler  main.o
    0x0800135c   0x0800135c   0x00000012   Code   RO         1059    i.USART_ClearFlag   stm32f10x_usart.o
    0x0800136e   0x0800136e   0x0000001e   Code   RO         1060    i.USART_ClearITPendingBit  stm32f10x_usart.o
    0x0800138c   0x0800138c   0x00000018   Code   RO         1063    i.USART_Cmd         stm32f10x_usart.o
    0x080013a4   0x080013a4   0x0000009c   Code   RO         1065    i.USART_DeInit      stm32f10x_usart.o
    0x08001440   0x08001440   0x0000001a   Code   RO         1066    i.USART_GetFlagStatus  stm32f10x_usart.o
    0x0800145a   0x0800145a   0x00000054   Code   RO         1067    i.USART_GetITStatus  stm32f10x_usart.o
    0x080014ae   0x080014ae   0x0000004a   Code   RO         1069    i.USART_ITConfig    stm32f10x_usart.o
    0x080014f8   0x080014f8   0x000000d8   Code   RO         1070    i.USART_Init        stm32f10x_usart.o
    0x080015d0   0x080015d0   0x0000000a   Code   RO         1077    i.USART_ReceiveData  stm32f10x_usart.o
    0x080015da   0x080015da   0x00000008   Code   RO         1080    i.USART_SendData    stm32f10x_usart.o
    0x080015e2   0x080015e2   0x00000004   Code   RO         2270    i.UsageFault_Handler  stm32f10x_it.o
    0x080015e6   0x080015e6   0x00000002   PAD
    0x080015e8   0x080015e8   0x00000028   Code   RO         3174    i.__0sprintf$1      mc_w.l(printf1.o)
    0x08001610   0x08001610   0x0000000e   Code   RO         3475    i.__scatterload_copy  mc_w.l(handlers.o)
    0x0800161e   0x0800161e   0x00000002   Code   RO         3476    i.__scatterload_null  mc_w.l(handlers.o)
    0x08001620   0x08001620   0x0000000e   Code   RO         3477    i.__scatterload_zeroinit  mc_w.l(handlers.o)
    0x0800162e   0x0800162e   0x00000002   PAD
    0x08001630   0x08001630   0x00000154   Code   RO         3179    i._printf_core      mc_w.l(printf1.o)
    0x08001784   0x08001784   0x0000000a   Code   RO         3181    i._sputc            mc_w.l(printf1.o)
    0x0800178e   0x0800178e   0x00000002   PAD
    0x08001790   0x08001790   0x000000e0   Code   RO         2104    i.main              main.o
    0x08001870   0x08001870   0x00000020   Data   RO         3473    Region$$Table       anon$$obj.o


    Execution Region RW_IRAM1 (Exec base: 0x20000000, Load base: 0x08001890, Size: 0x00000a80, Max: 0x00005000, ABSOLUTE)

    Exec Addr    Load Addr    Size         Type   Attr      Idx    E Section Name        Object

    0x20000000   0x08001890   0x00000014   Data   RW          325    .data               stm32f10x_rcc.o
    0x20000014   0x080018a4   0x0000002c   Data   RW         2106    .data               main.o
    0x20000040   0x080018d0   0x00000007   Data   RW         2767    .data               ring_buffer_1.o
    0x20000047   0x080018d7   0x00000001   PAD
    0x20000048        -       0x00000078   Zero   RW         2105    .bss                main.o
    0x200000c0        -       0x00000020   Zero   RW         2366    .bss                hc595.o
    0x200000e0        -       0x000005a0   Zero   RW         2766    .bss                ring_buffer_1.o
    0x20000680        -       0x00000400   Zero   RW          504    STACK               startup_stm32f10x_md.o


==============================================================================

Image component sizes


      Code (inc. data)   RO Data    RW Data    ZI Data      Debug   Object Name

       100          0          0          0          0        491   clock.o
         0          0          0          0          0         32   core_cm3.o
        30          0          0          0          0        722   flash.o
       180         18          0          0          0       1433   gpio.o
         0          0          0          0         32        531   hc595.o
       526         96          0         44        120       4830   main.o
       112         12          0          0          0     260008   misc.o
         0          0          0          7       1440        951   ring_buffer_1.o
       512         48          0          0          0       3672   spi.o
        36          8        236          0       1024        876   startup_stm32f10x_md.o
        52         12          0          0          0       1156   stm32f10x_exti.o
        52         12          0          0          0       1125   stm32f10x_flash.o
       286          0          0          0          0       3100   stm32f10x_gpio.o
        28          0          0          0          0       3981   stm32f10x_it.o
        68         30          0          0          0       2534   stm32f10x_iwdg.o
       744         98          0         20          0      11398   stm32f10x_rcc.o
        84          0          0          0          0       2193   stm32f10x_spi.o
       256         42          0          0          0       4748   stm32f10x_tim.o
       646         28          0          0          0       8136   stm32f10x_usart.o
       556         16          0          0          0       6900   sx1278.o
       328         28          0          0          0       1805   system_stm32f10x.o
       204          6          0          0          0       1533   timer.o
       482         32          0          0          0      17941   usart.o
        30          0          0          0          0        438   watch_dog.o

    ----------------------------------------------------------------------
      5336        486        268         72       2616     340534   Object Totals
         0          0         32          0          0          0   (incl. Generated)
        24          0          0          1          0          0   (incl. Padding)

    ----------------------------------------------------------------------

      Code (inc. data)   RO Data    RW Data    ZI Data      Debug   Library Member Name

         0          0          0          0          0          0   entry.o
         0          0          0          0          0          0   entry10a.o
         0          0          0          0          0          0   entry11a.o
         8          4          0          0          0          0   entry2.o
         4          0          0          0          0          0   entry5.o
         0          0          0          0          0          0   entry7b.o
         0          0          0          0          0          0   entry8b.o
         8          4          0          0          0          0   entry9a.o
        30          0          0          0          0          0   handlers.o
        36          8          0          0          0         68   init.o
        30          0          0          0          0         68   llshl.o
        32          0          0          0          0         68   llushr.o
       390         10          0          0          0        252   printf1.o
        44          0          0          0          0         80   uidiv.o
        98          0          0          0          0         92   uldiv.o

    ----------------------------------------------------------------------
       684         26          0          0          0        628   Library Totals
         4          0          0          0          0          0   (incl. Padding)

    ----------------------------------------------------------------------

      Code (inc. data)   RO Data    RW Data    ZI Data      Debug   Library Name

       680         26          0          0          0        628   mc_w.l

    ----------------------------------------------------------------------
       684         26          0          0          0        628   Library Totals

    ----------------------------------------------------------------------

==============================================================================


      Code (inc. data)   RO Data    RW Data    ZI Data      Debug   

      6020        512        268         72       2616     335854   Grand Totals
      6020        512        268         72       2616     335854   ELF Image Totals
      6020        512        268         72          0          0   ROM Totals

==============================================================================

    Total RO  Size (Code + RO Data)                 6288 (   6.14kB)
    Total RW  Size (RW Data + ZI Data)              2688 (   2.63kB)
    Total ROM Size (Code + RO Data + RW Data)       6360 (   6.21kB)

==============================================================================

