<html>
<body>
<pre>
<h1>µVision Build Log</h1>
<h2>Tool Versions:</h2>
IDE-Version: µVision V5.31.0.0
Copyright (C) 2020 ARM Ltd and ARM Germany GmbH. All rights reserved.
License Information: Chuc Dao, Robotic, LIC=76F5U-SXGII-GK8BG-VGIU4-F48UW-Q7S2A
 
Tool Versions:
Toolchain:       MDK-ARM Plus  Version: 5.31.0.0
Toolchain Path:  C:\Keil_v5\ARM\ARMCC\Bin
C Compiler:      Armcc.exe V5.06 update 6 (build 750)
Assembler:       Armasm.exe V5.06 update 6 (build 750)
Linker/Locator:  ArmLink.exe V5.06 update 6 (build 750)
Library Manager: ArmAr.exe V5.06 update 6 (build 750)
Hex Converter:   FromElf.exe V5.06 update 6 (build 750)
CPU DLL:         SARMCM3.DLL V5.31.0.0
Dialog DLL:      DCM.DLL V1.17.3.0
Target DLL:      STLink\ST-LINKIII-KEIL_SWO.dll V3.0.7.0
Dialog DLL:      TCM.DLL V1.46.0.0
 
<h2>Project:</h2>
G:\STM32\Project_STM32\project\BangLed_SPI\EXTI.uvprojx
Project File Date:  01/30/2023

<h2>Output:</h2>
*** Using Compiler 'V5.06 update 6 (build 750)', folder: 'C:\Keil_v5\ARM\ARMCC\Bin'
Rebuild target 'EXTI'
Note: source file '..\RING_BUFFER\RING_BUFFER.c' - object file renamed from '.\Objects\RING_BUFFER.o' to '.\Objects\ring_buffer_1.o'.
assembling startup_stm32f10x_md.s...
compiling core_cm3.c...
compiling stm32f10x_exti.c...
compiling misc.c...
compiling stm32f10x_gpio.c...
compiling stm32f10x_usart.c...
compiling stm32f10x_rcc.c...
compiling stm32f10x_dma.c...
compiling stm32f10x_tim.c...
compiling stm32f10x_iwdg.c...
compiling stm32f10x_spi.c...
compiling stm32f10x_adc.c...
compiling stm32f10x_i2c.c...
compiling stm32f10x_it.c...
compiling main.c...
compiling stm32f10x_flash.c...
compiling SystemTick.c...
compiling HC595.c...
compiling system_stm32f10x.c...
compiling EXTI.c...
compiling GPIO.c...
compiling TIMER.c...
compiling USART.c...
compiling WATCH_DOG.c...
compiling ADC.c...
compiling RING_BUFFER.c...
compiling FLASH.c...
compiling CLOCK.c...
compiling sx1278.c...
..\SX1278\sx1278.c(231): warning:  #1-D: last line of file ends without a newline
  }
..\SX1278\sx1278.c: 1 warning, 0 errors
compiling SPI.c...
..\SPI\SPI.c(395): warning:  #1-D: last line of file ends without a newline
  }
..\SPI\SPI.c: 1 warning, 0 errors
compiling DS1307.c...
linking...
Program Size: Code=6020 RO-data=268 RW-data=72 ZI-data=2616  
FromELF: creating hex file...
".\Objects\EXTI.axf" - 0 Error(s), 2 Warning(s).

<h2>Software Packages used:</h2>

Package Vendor: Keil
                http://www.keil.com/pack/Keil.STM32F1xx_DFP.2.3.0.pack
                Keil.STM32F1xx_DFP.2.3.0
                STMicroelectronics STM32F1 Series Device Support, Drivers and Examples

<h2>Collection of Component include folders:</h2>
  C:\Users\admin\AppData\Local\Arm\Packs\Keil\STM32F1xx_DFP\2.3.0\Device\Include

<h2>Collection of Component Files used:</h2>
Build Time Elapsed:  00:00:05
</pre>
</body>
</html>
